Resource Usage Report
Part: lfd2nx_40-8

Register bits: 2242 of 32256 (7%)
PIC Latch:       0
I/O cells:       11

Details:
BB:             8
BFD1P3KX:       8
CCU2:           314
DCC:            1
DP16K:          16
FD1P3BX:        30
FD1P3DX:        715
FD1P3IX:        1464
FD1P3JX:        32
GSR:            1
IB:             2
IFD1P3BX:       1
INV:            33
JTAGH19:        1
LUT4:           2911
MULT18X18:      2
MULT18X36:      2
OB:             1
OSCA:           1
PDPSC16K:       2
PLL:            1
VHI:            80
VLO:            80
WIDEFN9:        206

Resource Usage inside macros:
Registers: 0
LUTs: 0
EBRs: 0
LRAMs: 0
DSPs: 0
Distributed RAMs: 0
Carry Chains: 0
Blackboxes: 0

Mapping Summary:
Total number of registers: 2242 + 0 = 2242 of 32256 (6.95%)
Total number of LUTs: 2911 + 0 = 2911 
Total number of EBRs: 18 + 0 = 18 of 84 (21.43%)
Total number of LRAMs: 0 + 0 = 0 of 2 (0.00%)
Total number of DSPs: 4 + 0 = 4 of 56 (7.14%)
Total number of Distributed RAMs: 0 + 0 = 0 
Total number of Carry Chains: 314 + 0 = 314 
Total number of BlackBoxes: 165 + 0 = 165 
