14:32:57 **** Build of configuration Debug for project riscv_mc_helloworld ****
make all 
Building file: ../src/bsp/driver/uart/uart.c
Invoking: GNU RISC-V Cross C Compiler
riscv-none-embed-gcc -march=rv32imc -mabi=ilp32 -msmall-data-limit=8 -mno-save-restore -O0 -fmessage-length=0 -fsigned-char -ffunction-sections -fdata-sections  -g3 -DLSCC_STDIO_UART_APB -I"C:\lattice-fpga\SW\riscv_mc_helloworld/src" -I"C:\lattice-fpga\SW\riscv_mc_helloworld/src/bsp" -I"C:\lattice-fpga\SW\riscv_mc_helloworld/src/bsp/driver" -I"C:\lattice-fpga\SW\riscv_mc_helloworld/src/bsp/driver/gpio" -I"C:\lattice-fpga\SW\riscv_mc_helloworld/src/bsp/driver/riscv_mc" -I"C:\lattice-fpga\SW\riscv_mc_helloworld/src/bsp/driver/uart" -std=gnu11 --specs=picolibc.specs -DPICOLIBC_INTEGER_PRINTF_SCANF -MMD -MP -MF"src/bsp/driver/uart/uart.d" -MT"src/bsp/driver/uart/uart.o" -c -o "src/bsp/driver/uart/uart.o" "../src/bsp/driver/uart/uart.c"
Finished building: ../src/bsp/driver/uart/uart.c
 
Building file: ../src/bsp/driver/riscv_mc/cache.c
Invoking: GNU RISC-V Cross C Compiler
riscv-none-embed-gcc -march=rv32imc -mabi=ilp32 -msmall-data-limit=8 -mno-save-restore -O0 -fmessage-length=0 -fsigned-char -ffunction-sections -fdata-sections  -g3 -DLSCC_STDIO_UART_APB -I"C:\lattice-fpga\SW\riscv_mc_helloworld/src" -I"C:\lattice-fpga\SW\riscv_mc_helloworld/src/bsp" -I"C:\lattice-fpga\SW\riscv_mc_helloworld/src/bsp/driver" -I"C:\lattice-fpga\SW\riscv_mc_helloworld/src/bsp/driver/gpio" -I"C:\lattice-fpga\SW\riscv_mc_helloworld/src/bsp/driver/riscv_mc" -I"C:\lattice-fpga\SW\riscv_mc_helloworld/src/bsp/driver/uart" -std=gnu11 --specs=picolibc.specs -DPICOLIBC_INTEGER_PRINTF_SCANF -MMD -MP -MF"src/bsp/driver/riscv_mc/cache.d" -MT"src/bsp/driver/riscv_mc/cache.o" -c -o "src/bsp/driver/riscv_mc/cache.o" "../src/bsp/driver/riscv_mc/cache.c"
Finished building: ../src/bsp/driver/riscv_mc/cache.c
 
Building file: ../src/bsp/driver/riscv_mc/crt0.S
Invoking: GNU RISC-V Cross Assembler
riscv-none-embed-gcc -march=rv32imc -mabi=ilp32 -msmall-data-limit=8 -mno-save-restore -O0 -fmessage-length=0 -fsigned-char -ffunction-sections -fdata-sections  -g3 -x assembler-with-cpp -MMD -MP -MF"src/bsp/driver/riscv_mc/crt0.d" -MT"src/bsp/driver/riscv_mc/crt0.o" -c -o "src/bsp/driver/riscv_mc/crt0.o" "../src/bsp/driver/riscv_mc/crt0.S"
Finished building: ../src/bsp/driver/riscv_mc/crt0.S
 
Building file: ../src/bsp/driver/riscv_mc/exit.c
Invoking: GNU RISC-V Cross C Compiler
riscv-none-embed-gcc -march=rv32imc -mabi=ilp32 -msmall-data-limit=8 -mno-save-restore -O0 -fmessage-length=0 -fsigned-char -ffunction-sections -fdata-sections  -g3 -DLSCC_STDIO_UART_APB -I"C:\lattice-fpga\SW\riscv_mc_helloworld/src" -I"C:\lattice-fpga\SW\riscv_mc_helloworld/src/bsp" -I"C:\lattice-fpga\SW\riscv_mc_helloworld/src/bsp/driver" -I"C:\lattice-fpga\SW\riscv_mc_helloworld/src/bsp/driver/gpio" -I"C:\lattice-fpga\SW\riscv_mc_helloworld/src/bsp/driver/riscv_mc" -I"C:\lattice-fpga\SW\riscv_mc_helloworld/src/bsp/driver/uart" -std=gnu11 --specs=picolibc.specs -DPICOLIBC_INTEGER_PRINTF_SCANF -MMD -MP -MF"src/bsp/driver/riscv_mc/exit.d" -MT"src/bsp/driver/riscv_mc/exit.o" -c -o "src/bsp/driver/riscv_mc/exit.o" "../src/bsp/driver/riscv_mc/exit.c"
Finished building: ../src/bsp/driver/riscv_mc/exit.c
 
Building file: ../src/bsp/driver/riscv_mc/interrupt.c
Invoking: GNU RISC-V Cross C Compiler
riscv-none-embed-gcc -march=rv32imc -mabi=ilp32 -msmall-data-limit=8 -mno-save-restore -O0 -fmessage-length=0 -fsigned-char -ffunction-sections -fdata-sections  -g3 -DLSCC_STDIO_UART_APB -I"C:\lattice-fpga\SW\riscv_mc_helloworld/src" -I"C:\lattice-fpga\SW\riscv_mc_helloworld/src/bsp" -I"C:\lattice-fpga\SW\riscv_mc_helloworld/src/bsp/driver" -I"C:\lattice-fpga\SW\riscv_mc_helloworld/src/bsp/driver/gpio" -I"C:\lattice-fpga\SW\riscv_mc_helloworld/src/bsp/driver/riscv_mc" -I"C:\lattice-fpga\SW\riscv_mc_helloworld/src/bsp/driver/uart" -std=gnu11 --specs=picolibc.specs -DPICOLIBC_INTEGER_PRINTF_SCANF -MMD -MP -MF"src/bsp/driver/riscv_mc/interrupt.d" -MT"src/bsp/driver/riscv_mc/interrupt.o" -c -o "src/bsp/driver/riscv_mc/interrupt.o" "../src/bsp/driver/riscv_mc/interrupt.c"
Finished building: ../src/bsp/driver/riscv_mc/interrupt.c
 
Building file: ../src/bsp/driver/riscv_mc/iob.c
Invoking: GNU RISC-V Cross C Compiler
riscv-none-embed-gcc -march=rv32imc -mabi=ilp32 -msmall-data-limit=8 -mno-save-restore -O0 -fmessage-length=0 -fsigned-char -ffunction-sections -fdata-sections  -g3 -DLSCC_STDIO_UART_APB -I"C:\lattice-fpga\SW\riscv_mc_helloworld/src" -I"C:\lattice-fpga\SW\riscv_mc_helloworld/src/bsp" -I"C:\lattice-fpga\SW\riscv_mc_helloworld/src/bsp/driver" -I"C:\lattice-fpga\SW\riscv_mc_helloworld/src/bsp/driver/gpio" -I"C:\lattice-fpga\SW\riscv_mc_helloworld/src/bsp/driver/riscv_mc" -I"C:\lattice-fpga\SW\riscv_mc_helloworld/src/bsp/driver/uart" -std=gnu11 --specs=picolibc.specs -DPICOLIBC_INTEGER_PRINTF_SCANF -MMD -MP -MF"src/bsp/driver/riscv_mc/iob.d" -MT"src/bsp/driver/riscv_mc/iob.o" -c -o "src/bsp/driver/riscv_mc/iob.o" "../src/bsp/driver/riscv_mc/iob.c"
Finished building: ../src/bsp/driver/riscv_mc/iob.c
 
Building file: ../src/bsp/driver/riscv_mc/pic.c
Invoking: GNU RISC-V Cross C Compiler
riscv-none-embed-gcc -march=rv32imc -mabi=ilp32 -msmall-data-limit=8 -mno-save-restore -O0 -fmessage-length=0 -fsigned-char -ffunction-sections -fdata-sections  -g3 -DLSCC_STDIO_UART_APB -I"C:\lattice-fpga\SW\riscv_mc_helloworld/src" -I"C:\lattice-fpga\SW\riscv_mc_helloworld/src/bsp" -I"C:\lattice-fpga\SW\riscv_mc_helloworld/src/bsp/driver" -I"C:\lattice-fpga\SW\riscv_mc_helloworld/src/bsp/driver/gpio" -I"C:\lattice-fpga\SW\riscv_mc_helloworld/src/bsp/driver/riscv_mc" -I"C:\lattice-fpga\SW\riscv_mc_helloworld/src/bsp/driver/uart" -std=gnu11 --specs=picolibc.specs -DPICOLIBC_INTEGER_PRINTF_SCANF -MMD -MP -MF"src/bsp/driver/riscv_mc/pic.d" -MT"src/bsp/driver/riscv_mc/pic.o" -c -o "src/bsp/driver/riscv_mc/pic.o" "../src/bsp/driver/riscv_mc/pic.c"
Finished building: ../src/bsp/driver/riscv_mc/pic.c
 
Building file: ../src/bsp/driver/riscv_mc/reg_access.c
Invoking: GNU RISC-V Cross C Compiler
riscv-none-embed-gcc -march=rv32imc -mabi=ilp32 -msmall-data-limit=8 -mno-save-restore -O0 -fmessage-length=0 -fsigned-char -ffunction-sections -fdata-sections  -g3 -DLSCC_STDIO_UART_APB -I"C:\lattice-fpga\SW\riscv_mc_helloworld/src" -I"C:\lattice-fpga\SW\riscv_mc_helloworld/src/bsp" -I"C:\lattice-fpga\SW\riscv_mc_helloworld/src/bsp/driver" -I"C:\lattice-fpga\SW\riscv_mc_helloworld/src/bsp/driver/gpio" -I"C:\lattice-fpga\SW\riscv_mc_helloworld/src/bsp/driver/riscv_mc" -I"C:\lattice-fpga\SW\riscv_mc_helloworld/src/bsp/driver/uart" -std=gnu11 --specs=picolibc.specs -DPICOLIBC_INTEGER_PRINTF_SCANF -MMD -MP -MF"src/bsp/driver/riscv_mc/reg_access.d" -MT"src/bsp/driver/riscv_mc/reg_access.o" -c -o "src/bsp/driver/riscv_mc/reg_access.o" "../src/bsp/driver/riscv_mc/reg_access.c"
Finished building: ../src/bsp/driver/riscv_mc/reg_access.c
 
Building file: ../src/bsp/driver/riscv_mc/timer.c
Invoking: GNU RISC-V Cross C Compiler
riscv-none-embed-gcc -march=rv32imc -mabi=ilp32 -msmall-data-limit=8 -mno-save-restore -O0 -fmessage-length=0 -fsigned-char -ffunction-sections -fdata-sections  -g3 -DLSCC_STDIO_UART_APB -I"C:\lattice-fpga\SW\riscv_mc_helloworld/src" -I"C:\lattice-fpga\SW\riscv_mc_helloworld/src/bsp" -I"C:\lattice-fpga\SW\riscv_mc_helloworld/src/bsp/driver" -I"C:\lattice-fpga\SW\riscv_mc_helloworld/src/bsp/driver/gpio" -I"C:\lattice-fpga\SW\riscv_mc_helloworld/src/bsp/driver/riscv_mc" -I"C:\lattice-fpga\SW\riscv_mc_helloworld/src/bsp/driver/uart" -std=gnu11 --specs=picolibc.specs -DPICOLIBC_INTEGER_PRINTF_SCANF -MMD -MP -MF"src/bsp/driver/riscv_mc/timer.d" -MT"src/bsp/driver/riscv_mc/timer.o" -c -o "src/bsp/driver/riscv_mc/timer.o" "../src/bsp/driver/riscv_mc/timer.c"
Finished building: ../src/bsp/driver/riscv_mc/timer.c
 
Building file: ../src/bsp/driver/riscv_mc/util.c
Invoking: GNU RISC-V Cross C Compiler
riscv-none-embed-gcc -march=rv32imc -mabi=ilp32 -msmall-data-limit=8 -mno-save-restore -O0 -fmessage-length=0 -fsigned-char -ffunction-sections -fdata-sections  -g3 -DLSCC_STDIO_UART_APB -I"C:\lattice-fpga\SW\riscv_mc_helloworld/src" -I"C:\lattice-fpga\SW\riscv_mc_helloworld/src/bsp" -I"C:\lattice-fpga\SW\riscv_mc_helloworld/src/bsp/driver" -I"C:\lattice-fpga\SW\riscv_mc_helloworld/src/bsp/driver/gpio" -I"C:\lattice-fpga\SW\riscv_mc_helloworld/src/bsp/driver/riscv_mc" -I"C:\lattice-fpga\SW\riscv_mc_helloworld/src/bsp/driver/uart" -std=gnu11 --specs=picolibc.specs -DPICOLIBC_INTEGER_PRINTF_SCANF -MMD -MP -MF"src/bsp/driver/riscv_mc/util.d" -MT"src/bsp/driver/riscv_mc/util.o" -c -o "src/bsp/driver/riscv_mc/util.o" "../src/bsp/driver/riscv_mc/util.c"
Finished building: ../src/bsp/driver/riscv_mc/util.c
 
Building file: ../src/bsp/driver/gpio/gpio.c
Invoking: GNU RISC-V Cross C Compiler
riscv-none-embed-gcc -march=rv32imc -mabi=ilp32 -msmall-data-limit=8 -mno-save-restore -O0 -fmessage-length=0 -fsigned-char -ffunction-sections -fdata-sections  -g3 -DLSCC_STDIO_UART_APB -I"C:\lattice-fpga\SW\riscv_mc_helloworld/src" -I"C:\lattice-fpga\SW\riscv_mc_helloworld/src/bsp" -I"C:\lattice-fpga\SW\riscv_mc_helloworld/src/bsp/driver" -I"C:\lattice-fpga\SW\riscv_mc_helloworld/src/bsp/driver/gpio" -I"C:\lattice-fpga\SW\riscv_mc_helloworld/src/bsp/driver/riscv_mc" -I"C:\lattice-fpga\SW\riscv_mc_helloworld/src/bsp/driver/uart" -std=gnu11 --specs=picolibc.specs -DPICOLIBC_INTEGER_PRINTF_SCANF -MMD -MP -MF"src/bsp/driver/gpio/gpio.d" -MT"src/bsp/driver/gpio/gpio.o" -c -o "src/bsp/driver/gpio/gpio.o" "../src/bsp/driver/gpio/gpio.c"
Finished building: ../src/bsp/driver/gpio/gpio.c
 
Building file: ../src/main.c
Invoking: GNU RISC-V Cross C Compiler
riscv-none-embed-gcc -march=rv32imc -mabi=ilp32 -msmall-data-limit=8 -mno-save-restore -O0 -fmessage-length=0 -fsigned-char -ffunction-sections -fdata-sections  -g3 -DLSCC_STDIO_UART_APB -I"C:\lattice-fpga\SW\riscv_mc_helloworld/src" -I"C:\lattice-fpga\SW\riscv_mc_helloworld/src/bsp" -I"C:\lattice-fpga\SW\riscv_mc_helloworld/src/bsp/driver" -I"C:\lattice-fpga\SW\riscv_mc_helloworld/src/bsp/driver/gpio" -I"C:\lattice-fpga\SW\riscv_mc_helloworld/src/bsp/driver/riscv_mc" -I"C:\lattice-fpga\SW\riscv_mc_helloworld/src/bsp/driver/uart" -std=gnu11 --specs=picolibc.specs -DPICOLIBC_INTEGER_PRINTF_SCANF -MMD -MP -MF"src/main.d" -MT"src/main.o" -c -o "src/main.o" "../src/main.c"
Finished building: ../src/main.c
 
Building file: ../src/utils.c
Invoking: GNU RISC-V Cross C Compiler
riscv-none-embed-gcc -march=rv32imc -mabi=ilp32 -msmall-data-limit=8 -mno-save-restore -O0 -fmessage-length=0 -fsigned-char -ffunction-sections -fdata-sections  -g3 -DLSCC_STDIO_UART_APB -I"C:\lattice-fpga\SW\riscv_mc_helloworld/src" -I"C:\lattice-fpga\SW\riscv_mc_helloworld/src/bsp" -I"C:\lattice-fpga\SW\riscv_mc_helloworld/src/bsp/driver" -I"C:\lattice-fpga\SW\riscv_mc_helloworld/src/bsp/driver/gpio" -I"C:\lattice-fpga\SW\riscv_mc_helloworld/src/bsp/driver/riscv_mc" -I"C:\lattice-fpga\SW\riscv_mc_helloworld/src/bsp/driver/uart" -std=gnu11 --specs=picolibc.specs -DPICOLIBC_INTEGER_PRINTF_SCANF -MMD -MP -MF"src/utils.d" -MT"src/utils.o" -c -o "src/utils.o" "../src/utils.c"
Finished building: ../src/utils.c
 
Building target: riscv_mc_helloworld.elf
Invoking: GNU RISC-V Cross C Linker
riscv-none-embed-gcc -march=rv32imc -mabi=ilp32 -msmall-data-limit=8 -mno-save-restore -O0 -fmessage-length=0 -fsigned-char -ffunction-sections -fdata-sections  -g3 -T "C:/lattice-fpga/SW/riscv_mc_helloworld/src/linker.ld" -nostartfiles -Xlinker --gc-sections -Wl,-Map,"riscv_mc_helloworld.map" --specs=picolibc.specs -DPICOLIBC_INTEGER_PRINTF_SCANF -o "riscv_mc_helloworld.elf"  ./src/bsp/driver/uart/uart.o  ./src/bsp/driver/riscv_mc/cache.o ./src/bsp/driver/riscv_mc/crt0.o ./src/bsp/driver/riscv_mc/exit.o ./src/bsp/driver/riscv_mc/interrupt.o ./src/bsp/driver/riscv_mc/iob.o ./src/bsp/driver/riscv_mc/pic.o ./src/bsp/driver/riscv_mc/reg_access.o ./src/bsp/driver/riscv_mc/timer.o ./src/bsp/driver/riscv_mc/util.o  ./src/bsp/driver/gpio/gpio.o  ./src/main.o ./src/utils.o   
Finished building target: riscv_mc_helloworld.elf
 
Invoking: GNU RISC-V Cross Create Listing
riscv-none-embed-objdump --source --all-headers --demangle --line-numbers --wide "riscv_mc_helloworld.elf" > "riscv_mc_helloworld.lst"
Finished building: riscv_mc_helloworld.lst
 
Invoking: GNU RISC-V Cross Print Size
riscv-none-embed-size --format=berkeley "riscv_mc_helloworld.elf"
   text	   data	    bss	    dec	    hex	filename
   4660	     24	   3004	   7688	   1e08	riscv_mc_helloworld.elf
Finished building: riscv_mc_helloworld.siz
 
Invoking: Lattice Create Memory Deployment
riscv-none-embed-objcopy -O binary --gap-fill 0 "riscv_mc_helloworld.elf" "riscv_mc_helloworld.bin"; srec_cat "riscv_mc_helloworld.bin" -Binary -byte-swap 4 -DISable Header -Output "riscv_mc_helloworld.mem" -MEM 32
Finished building: riscv_mc_helloworld.mem
 
14:44:55 **** Incremental Build of configuration Debug for project riscv_mc_helloworld ****
make all 
Invoking: GNU RISC-V Cross Print Size
riscv-none-embed-size --format=berkeley "riscv_mc_helloworld.elf"
   text	   data	    bss	    dec	    hex	filename
   4660	     24	   3004	   7688	   1e08	riscv_mc_helloworld.elf
Finished building: riscv_mc_helloworld.siz
 
14:54:21 **** Incremental Build of configuration Debug for project riscv_mc_helloworld ****
make all 
Invoking: GNU RISC-V Cross Print Size
riscv-none-embed-size --format=berkeley "riscv_mc_helloworld.elf"
   text	   data	    bss	    dec	    hex	filename
   4660	     24	   3004	   7688	   1e08	riscv_mc_helloworld.elf
Finished building: riscv_mc_helloworld.siz
 
16:31:25 **** Incremental Build of configuration Debug for project riscv_mc_helloworld ****
make all 
Building file: ../src/bsp/driver/uart/uart.c
Invoking: GNU RISC-V Cross C Compiler
riscv-none-embed-gcc -march=rv32imc -mabi=ilp32 -msmall-data-limit=8 -mno-save-restore -O0 -fmessage-length=0 -fsigned-char -ffunction-sections -fdata-sections  -g3 -DLSCC_STDIO_UART_APB -I"C:\fpga\SW\riscv_mc_helloworld/src" -I"C:\fpga\SW\riscv_mc_helloworld/src/bsp" -I"C:\fpga\SW\riscv_mc_helloworld/src/bsp/driver" -I"C:\fpga\SW\riscv_mc_helloworld/src/bsp/driver/gpio" -I"C:\fpga\SW\riscv_mc_helloworld/src/bsp/driver/riscv_mc" -I"C:\fpga\SW\riscv_mc_helloworld/src/bsp/driver/uart" -std=gnu11 --specs=picolibc.specs -DPICOLIBC_INTEGER_PRINTF_SCANF -MMD -MP -MF"src/bsp/driver/uart/uart.d" -MT"src/bsp/driver/uart/uart.o" -c -o "src/bsp/driver/uart/uart.o" "../src/bsp/driver/uart/uart.c"
Finished building: ../src/bsp/driver/uart/uart.c
 
Building file: ../src/bsp/driver/riscv_mc/cache.c
Invoking: GNU RISC-V Cross C Compiler
riscv-none-embed-gcc -march=rv32imc -mabi=ilp32 -msmall-data-limit=8 -mno-save-restore -O0 -fmessage-length=0 -fsigned-char -ffunction-sections -fdata-sections  -g3 -DLSCC_STDIO_UART_APB -I"C:\fpga\SW\riscv_mc_helloworld/src" -I"C:\fpga\SW\riscv_mc_helloworld/src/bsp" -I"C:\fpga\SW\riscv_mc_helloworld/src/bsp/driver" -I"C:\fpga\SW\riscv_mc_helloworld/src/bsp/driver/gpio" -I"C:\fpga\SW\riscv_mc_helloworld/src/bsp/driver/riscv_mc" -I"C:\fpga\SW\riscv_mc_helloworld/src/bsp/driver/uart" -std=gnu11 --specs=picolibc.specs -DPICOLIBC_INTEGER_PRINTF_SCANF -MMD -MP -MF"src/bsp/driver/riscv_mc/cache.d" -MT"src/bsp/driver/riscv_mc/cache.o" -c -o "src/bsp/driver/riscv_mc/cache.o" "../src/bsp/driver/riscv_mc/cache.c"
Finished building: ../src/bsp/driver/riscv_mc/cache.c
 
Building file: ../src/bsp/driver/riscv_mc/crt0.S
Invoking: GNU RISC-V Cross Assembler
riscv-none-embed-gcc -march=rv32imc -mabi=ilp32 -msmall-data-limit=8 -mno-save-restore -O0 -fmessage-length=0 -fsigned-char -ffunction-sections -fdata-sections  -g3 -x assembler-with-cpp -MMD -MP -MF"src/bsp/driver/riscv_mc/crt0.d" -MT"src/bsp/driver/riscv_mc/crt0.o" -c -o "src/bsp/driver/riscv_mc/crt0.o" "../src/bsp/driver/riscv_mc/crt0.S"
Finished building: ../src/bsp/driver/riscv_mc/crt0.S
 
Building file: ../src/bsp/driver/riscv_mc/exit.c
Invoking: GNU RISC-V Cross C Compiler
riscv-none-embed-gcc -march=rv32imc -mabi=ilp32 -msmall-data-limit=8 -mno-save-restore -O0 -fmessage-length=0 -fsigned-char -ffunction-sections -fdata-sections  -g3 -DLSCC_STDIO_UART_APB -I"C:\fpga\SW\riscv_mc_helloworld/src" -I"C:\fpga\SW\riscv_mc_helloworld/src/bsp" -I"C:\fpga\SW\riscv_mc_helloworld/src/bsp/driver" -I"C:\fpga\SW\riscv_mc_helloworld/src/bsp/driver/gpio" -I"C:\fpga\SW\riscv_mc_helloworld/src/bsp/driver/riscv_mc" -I"C:\fpga\SW\riscv_mc_helloworld/src/bsp/driver/uart" -std=gnu11 --specs=picolibc.specs -DPICOLIBC_INTEGER_PRINTF_SCANF -MMD -MP -MF"src/bsp/driver/riscv_mc/exit.d" -MT"src/bsp/driver/riscv_mc/exit.o" -c -o "src/bsp/driver/riscv_mc/exit.o" "../src/bsp/driver/riscv_mc/exit.c"
Finished building: ../src/bsp/driver/riscv_mc/exit.c
 
Building file: ../src/bsp/driver/riscv_mc/interrupt.c
Invoking: GNU RISC-V Cross C Compiler
riscv-none-embed-gcc -march=rv32imc -mabi=ilp32 -msmall-data-limit=8 -mno-save-restore -O0 -fmessage-length=0 -fsigned-char -ffunction-sections -fdata-sections  -g3 -DLSCC_STDIO_UART_APB -I"C:\fpga\SW\riscv_mc_helloworld/src" -I"C:\fpga\SW\riscv_mc_helloworld/src/bsp" -I"C:\fpga\SW\riscv_mc_helloworld/src/bsp/driver" -I"C:\fpga\SW\riscv_mc_helloworld/src/bsp/driver/gpio" -I"C:\fpga\SW\riscv_mc_helloworld/src/bsp/driver/riscv_mc" -I"C:\fpga\SW\riscv_mc_helloworld/src/bsp/driver/uart" -std=gnu11 --specs=picolibc.specs -DPICOLIBC_INTEGER_PRINTF_SCANF -MMD -MP -MF"src/bsp/driver/riscv_mc/interrupt.d" -MT"src/bsp/driver/riscv_mc/interrupt.o" -c -o "src/bsp/driver/riscv_mc/interrupt.o" "../src/bsp/driver/riscv_mc/interrupt.c"
Finished building: ../src/bsp/driver/riscv_mc/interrupt.c
 
Building file: ../src/bsp/driver/riscv_mc/iob.c
Invoking: GNU RISC-V Cross C Compiler
riscv-none-embed-gcc -march=rv32imc -mabi=ilp32 -msmall-data-limit=8 -mno-save-restore -O0 -fmessage-length=0 -fsigned-char -ffunction-sections -fdata-sections  -g3 -DLSCC_STDIO_UART_APB -I"C:\fpga\SW\riscv_mc_helloworld/src" -I"C:\fpga\SW\riscv_mc_helloworld/src/bsp" -I"C:\fpga\SW\riscv_mc_helloworld/src/bsp/driver" -I"C:\fpga\SW\riscv_mc_helloworld/src/bsp/driver/gpio" -I"C:\fpga\SW\riscv_mc_helloworld/src/bsp/driver/riscv_mc" -I"C:\fpga\SW\riscv_mc_helloworld/src/bsp/driver/uart" -std=gnu11 --specs=picolibc.specs -DPICOLIBC_INTEGER_PRINTF_SCANF -MMD -MP -MF"src/bsp/driver/riscv_mc/iob.d" -MT"src/bsp/driver/riscv_mc/iob.o" -c -o "src/bsp/driver/riscv_mc/iob.o" "../src/bsp/driver/riscv_mc/iob.c"
Finished building: ../src/bsp/driver/riscv_mc/iob.c
 
Building file: ../src/bsp/driver/riscv_mc/pic.c
Invoking: GNU RISC-V Cross C Compiler
riscv-none-embed-gcc -march=rv32imc -mabi=ilp32 -msmall-data-limit=8 -mno-save-restore -O0 -fmessage-length=0 -fsigned-char -ffunction-sections -fdata-sections  -g3 -DLSCC_STDIO_UART_APB -I"C:\fpga\SW\riscv_mc_helloworld/src" -I"C:\fpga\SW\riscv_mc_helloworld/src/bsp" -I"C:\fpga\SW\riscv_mc_helloworld/src/bsp/driver" -I"C:\fpga\SW\riscv_mc_helloworld/src/bsp/driver/gpio" -I"C:\fpga\SW\riscv_mc_helloworld/src/bsp/driver/riscv_mc" -I"C:\fpga\SW\riscv_mc_helloworld/src/bsp/driver/uart" -std=gnu11 --specs=picolibc.specs -DPICOLIBC_INTEGER_PRINTF_SCANF -MMD -MP -MF"src/bsp/driver/riscv_mc/pic.d" -MT"src/bsp/driver/riscv_mc/pic.o" -c -o "src/bsp/driver/riscv_mc/pic.o" "../src/bsp/driver/riscv_mc/pic.c"
Finished building: ../src/bsp/driver/riscv_mc/pic.c
 
Building file: ../src/bsp/driver/riscv_mc/reg_access.c
Invoking: GNU RISC-V Cross C Compiler
riscv-none-embed-gcc -march=rv32imc -mabi=ilp32 -msmall-data-limit=8 -mno-save-restore -O0 -fmessage-length=0 -fsigned-char -ffunction-sections -fdata-sections  -g3 -DLSCC_STDIO_UART_APB -I"C:\fpga\SW\riscv_mc_helloworld/src" -I"C:\fpga\SW\riscv_mc_helloworld/src/bsp" -I"C:\fpga\SW\riscv_mc_helloworld/src/bsp/driver" -I"C:\fpga\SW\riscv_mc_helloworld/src/bsp/driver/gpio" -I"C:\fpga\SW\riscv_mc_helloworld/src/bsp/driver/riscv_mc" -I"C:\fpga\SW\riscv_mc_helloworld/src/bsp/driver/uart" -std=gnu11 --specs=picolibc.specs -DPICOLIBC_INTEGER_PRINTF_SCANF -MMD -MP -MF"src/bsp/driver/riscv_mc/reg_access.d" -MT"src/bsp/driver/riscv_mc/reg_access.o" -c -o "src/bsp/driver/riscv_mc/reg_access.o" "../src/bsp/driver/riscv_mc/reg_access.c"
Finished building: ../src/bsp/driver/riscv_mc/reg_access.c
 
Building file: ../src/bsp/driver/riscv_mc/timer.c
Invoking: GNU RISC-V Cross C Compiler
riscv-none-embed-gcc -march=rv32imc -mabi=ilp32 -msmall-data-limit=8 -mno-save-restore -O0 -fmessage-length=0 -fsigned-char -ffunction-sections -fdata-sections  -g3 -DLSCC_STDIO_UART_APB -I"C:\fpga\SW\riscv_mc_helloworld/src" -I"C:\fpga\SW\riscv_mc_helloworld/src/bsp" -I"C:\fpga\SW\riscv_mc_helloworld/src/bsp/driver" -I"C:\fpga\SW\riscv_mc_helloworld/src/bsp/driver/gpio" -I"C:\fpga\SW\riscv_mc_helloworld/src/bsp/driver/riscv_mc" -I"C:\fpga\SW\riscv_mc_helloworld/src/bsp/driver/uart" -std=gnu11 --specs=picolibc.specs -DPICOLIBC_INTEGER_PRINTF_SCANF -MMD -MP -MF"src/bsp/driver/riscv_mc/timer.d" -MT"src/bsp/driver/riscv_mc/timer.o" -c -o "src/bsp/driver/riscv_mc/timer.o" "../src/bsp/driver/riscv_mc/timer.c"
Finished building: ../src/bsp/driver/riscv_mc/timer.c
 
Building file: ../src/bsp/driver/riscv_mc/util.c
Invoking: GNU RISC-V Cross C Compiler
riscv-none-embed-gcc -march=rv32imc -mabi=ilp32 -msmall-data-limit=8 -mno-save-restore -O0 -fmessage-length=0 -fsigned-char -ffunction-sections -fdata-sections  -g3 -DLSCC_STDIO_UART_APB -I"C:\fpga\SW\riscv_mc_helloworld/src" -I"C:\fpga\SW\riscv_mc_helloworld/src/bsp" -I"C:\fpga\SW\riscv_mc_helloworld/src/bsp/driver" -I"C:\fpga\SW\riscv_mc_helloworld/src/bsp/driver/gpio" -I"C:\fpga\SW\riscv_mc_helloworld/src/bsp/driver/riscv_mc" -I"C:\fpga\SW\riscv_mc_helloworld/src/bsp/driver/uart" -std=gnu11 --specs=picolibc.specs -DPICOLIBC_INTEGER_PRINTF_SCANF -MMD -MP -MF"src/bsp/driver/riscv_mc/util.d" -MT"src/bsp/driver/riscv_mc/util.o" -c -o "src/bsp/driver/riscv_mc/util.o" "../src/bsp/driver/riscv_mc/util.c"
Finished building: ../src/bsp/driver/riscv_mc/util.c
 
Building file: ../src/bsp/driver/gpio/gpio.c
Invoking: GNU RISC-V Cross C Compiler
riscv-none-embed-gcc -march=rv32imc -mabi=ilp32 -msmall-data-limit=8 -mno-save-restore -O0 -fmessage-length=0 -fsigned-char -ffunction-sections -fdata-sections  -g3 -DLSCC_STDIO_UART_APB -I"C:\fpga\SW\riscv_mc_helloworld/src" -I"C:\fpga\SW\riscv_mc_helloworld/src/bsp" -I"C:\fpga\SW\riscv_mc_helloworld/src/bsp/driver" -I"C:\fpga\SW\riscv_mc_helloworld/src/bsp/driver/gpio" -I"C:\fpga\SW\riscv_mc_helloworld/src/bsp/driver/riscv_mc" -I"C:\fpga\SW\riscv_mc_helloworld/src/bsp/driver/uart" -std=gnu11 --specs=picolibc.specs -DPICOLIBC_INTEGER_PRINTF_SCANF -MMD -MP -MF"src/bsp/driver/gpio/gpio.d" -MT"src/bsp/driver/gpio/gpio.o" -c -o "src/bsp/driver/gpio/gpio.o" "../src/bsp/driver/gpio/gpio.c"
Finished building: ../src/bsp/driver/gpio/gpio.c
 
Building file: ../src/main.c
Invoking: GNU RISC-V Cross C Compiler
riscv-none-embed-gcc -march=rv32imc -mabi=ilp32 -msmall-data-limit=8 -mno-save-restore -O0 -fmessage-length=0 -fsigned-char -ffunction-sections -fdata-sections  -g3 -DLSCC_STDIO_UART_APB -I"C:\fpga\SW\riscv_mc_helloworld/src" -I"C:\fpga\SW\riscv_mc_helloworld/src/bsp" -I"C:\fpga\SW\riscv_mc_helloworld/src/bsp/driver" -I"C:\fpga\SW\riscv_mc_helloworld/src/bsp/driver/gpio" -I"C:\fpga\SW\riscv_mc_helloworld/src/bsp/driver/riscv_mc" -I"C:\fpga\SW\riscv_mc_helloworld/src/bsp/driver/uart" -std=gnu11 --specs=picolibc.specs -DPICOLIBC_INTEGER_PRINTF_SCANF -MMD -MP -MF"src/main.d" -MT"src/main.o" -c -o "src/main.o" "../src/main.c"
Finished building: ../src/main.c
 
Building file: ../src/utils.c
Invoking: GNU RISC-V Cross C Compiler
riscv-none-embed-gcc -march=rv32imc -mabi=ilp32 -msmall-data-limit=8 -mno-save-restore -O0 -fmessage-length=0 -fsigned-char -ffunction-sections -fdata-sections  -g3 -DLSCC_STDIO_UART_APB -I"C:\fpga\SW\riscv_mc_helloworld/src" -I"C:\fpga\SW\riscv_mc_helloworld/src/bsp" -I"C:\fpga\SW\riscv_mc_helloworld/src/bsp/driver" -I"C:\fpga\SW\riscv_mc_helloworld/src/bsp/driver/gpio" -I"C:\fpga\SW\riscv_mc_helloworld/src/bsp/driver/riscv_mc" -I"C:\fpga\SW\riscv_mc_helloworld/src/bsp/driver/uart" -std=gnu11 --specs=picolibc.specs -DPICOLIBC_INTEGER_PRINTF_SCANF -MMD -MP -MF"src/utils.d" -MT"src/utils.o" -c -o "src/utils.o" "../src/utils.c"
Finished building: ../src/utils.c
 
Building target: riscv_mc_helloworld.elf
Invoking: GNU RISC-V Cross C Linker
riscv-none-embed-gcc -march=rv32imc -mabi=ilp32 -msmall-data-limit=8 -mno-save-restore -O0 -fmessage-length=0 -fsigned-char -ffunction-sections -fdata-sections  -g3 -T "C:/fpga/SW/riscv_mc_helloworld/src/linker.ld" -nostartfiles -Xlinker --gc-sections -Wl,-Map,"riscv_mc_helloworld.map" --specs=picolibc.specs -DPICOLIBC_INTEGER_PRINTF_SCANF -o "riscv_mc_helloworld.elf"  ./src/bsp/driver/uart/uart.o  ./src/bsp/driver/riscv_mc/cache.o ./src/bsp/driver/riscv_mc/crt0.o ./src/bsp/driver/riscv_mc/exit.o ./src/bsp/driver/riscv_mc/interrupt.o ./src/bsp/driver/riscv_mc/iob.o ./src/bsp/driver/riscv_mc/pic.o ./src/bsp/driver/riscv_mc/reg_access.o ./src/bsp/driver/riscv_mc/timer.o ./src/bsp/driver/riscv_mc/util.o  ./src/bsp/driver/gpio/gpio.o  ./src/main.o ./src/utils.o   
Finished building target: riscv_mc_helloworld.elf
 
Invoking: GNU RISC-V Cross Create Listing
riscv-none-embed-objdump --source --all-headers --demangle --line-numbers --wide "riscv_mc_helloworld.elf" > "riscv_mc_helloworld.lst"
Finished building: riscv_mc_helloworld.lst
 
Invoking: GNU RISC-V Cross Print Size
riscv-none-embed-size --format=berkeley "riscv_mc_helloworld.elf"
   text	   data	    bss	    dec	    hex	filename
   4660	     24	   3004	   7688	   1e08	riscv_mc_helloworld.elf
Finished building: riscv_mc_helloworld.siz
 
Invoking: Lattice Create Memory Deployment
riscv-none-embed-objcopy -O binary --gap-fill 0 "riscv_mc_helloworld.elf" "riscv_mc_helloworld.bin"; srec_cat "riscv_mc_helloworld.bin" -Binary -byte-swap 4 -DISable Header -Output "riscv_mc_helloworld.mem" -MEM 32
Finished building: riscv_mc_helloworld.mem
 
16:37:24 **** Incremental Build of configuration Debug for project riscv_mc_helloworld ****
make all 
Invoking: GNU RISC-V Cross Print Size
riscv-none-embed-size --format=berkeley "riscv_mc_helloworld.elf"
   text	   data	    bss	    dec	    hex	filename
   4660	     24	   3004	   7688	   1e08	riscv_mc_helloworld.elf
Finished building: riscv_mc_helloworld.siz
 
16:37:42 **** Incremental Build of configuration Debug for project riscv_mc_helloworld ****
make all 
Invoking: GNU RISC-V Cross Print Size
riscv-none-embed-size --format=berkeley "riscv_mc_helloworld.elf"
   text	   data	    bss	    dec	    hex	filename
   4660	     24	   3004	   7688	   1e08	riscv_mc_helloworld.elf
Finished building: riscv_mc_helloworld.siz
 
16:40:02 **** Incremental Build of configuration Debug for project riscv_mc_helloworld ****
make all 
Invoking: GNU RISC-V Cross Print Size
riscv-none-embed-size --format=berkeley "riscv_mc_helloworld.elf"
   text	   data	    bss	    dec	    hex	filename
   4660	     24	   3004	   7688	   1e08	riscv_mc_helloworld.elf
Finished building: riscv_mc_helloworld.siz
 
16:42:51 **** Incremental Build of configuration Debug for project riscv_mc_helloworld ****
make all 
Invoking: GNU RISC-V Cross Print Size
riscv-none-embed-size --format=berkeley "riscv_mc_helloworld.elf"
   text	   data	    bss	    dec	    hex	filename
   4660	     24	   3004	   7688	   1e08	riscv_mc_helloworld.elf
Finished building: riscv_mc_helloworld.siz
 
16:43:05 **** Clean-only build of configuration Debug for project riscv_mc_helloworld ****
make clean 
rm -rf  riscv_mc_helloworld.mem  ./src/bsp/driver/uart/uart.o  ./src/bsp/driver/riscv_mc/cache.o ./src/bsp/driver/riscv_mc/crt0.o ./src/bsp/driver/riscv_mc/exit.o ./src/bsp/driver/riscv_mc/interrupt.o ./src/bsp/driver/riscv_mc/iob.o ./src/bsp/driver/riscv_mc/pic.o ./src/bsp/driver/riscv_mc/reg_access.o ./src/bsp/driver/riscv_mc/timer.o ./src/bsp/driver/riscv_mc/util.o  ./src/bsp/driver/gpio/gpio.o  ./src/main.o ./src/utils.o  riscv_mc_helloworld.lst  riscv_mc_helloworld.siz  ./src/bsp/driver/riscv_mc/crt0.d  ./src/bsp/driver/uart/uart.d  ./src/bsp/driver/riscv_mc/cache.d ./src/bsp/driver/riscv_mc/exit.d ./src/bsp/driver/riscv_mc/interrupt.d ./src/bsp/driver/riscv_mc/iob.d ./src/bsp/driver/riscv_mc/pic.d ./src/bsp/driver/riscv_mc/reg_access.d ./src/bsp/driver/riscv_mc/timer.d ./src/bsp/driver/riscv_mc/util.d  ./src/bsp/driver/gpio/gpio.d  ./src/main.d ./src/utils.d  riscv_mc_helloworld.elf
 
16:43:05 **** Build of configuration Debug for project riscv_mc_helloworld ****
make all 
Building file: ../src/bsp/driver/uart/uart.c
Invoking: GNU RISC-V Cross C Compiler
riscv-none-embed-gcc -march=rv32imc -mabi=ilp32 -msmall-data-limit=8 -mno-save-restore -O0 -fmessage-length=0 -fsigned-char -ffunction-sections -fdata-sections  -g3 -DLSCC_STDIO_UART_APB -I"C:\fpga\SW\riscv_mc_helloworld/src" -I"C:\fpga\SW\riscv_mc_helloworld/src/bsp" -I"C:\fpga\SW\riscv_mc_helloworld/src/bsp/driver" -I"C:\fpga\SW\riscv_mc_helloworld/src/bsp/driver/gpio" -I"C:\fpga\SW\riscv_mc_helloworld/src/bsp/driver/riscv_mc" -I"C:\fpga\SW\riscv_mc_helloworld/src/bsp/driver/uart" -std=gnu11 --specs=picolibc.specs -DPICOLIBC_INTEGER_PRINTF_SCANF -MMD -MP -MF"src/bsp/driver/uart/uart.d" -MT"src/bsp/driver/uart/uart.o" -c -o "src/bsp/driver/uart/uart.o" "../src/bsp/driver/uart/uart.c"
Finished building: ../src/bsp/driver/uart/uart.c
 
Building file: ../src/bsp/driver/riscv_mc/cache.c
Invoking: GNU RISC-V Cross C Compiler
riscv-none-embed-gcc -march=rv32imc -mabi=ilp32 -msmall-data-limit=8 -mno-save-restore -O0 -fmessage-length=0 -fsigned-char -ffunction-sections -fdata-sections  -g3 -DLSCC_STDIO_UART_APB -I"C:\fpga\SW\riscv_mc_helloworld/src" -I"C:\fpga\SW\riscv_mc_helloworld/src/bsp" -I"C:\fpga\SW\riscv_mc_helloworld/src/bsp/driver" -I"C:\fpga\SW\riscv_mc_helloworld/src/bsp/driver/gpio" -I"C:\fpga\SW\riscv_mc_helloworld/src/bsp/driver/riscv_mc" -I"C:\fpga\SW\riscv_mc_helloworld/src/bsp/driver/uart" -std=gnu11 --specs=picolibc.specs -DPICOLIBC_INTEGER_PRINTF_SCANF -MMD -MP -MF"src/bsp/driver/riscv_mc/cache.d" -MT"src/bsp/driver/riscv_mc/cache.o" -c -o "src/bsp/driver/riscv_mc/cache.o" "../src/bsp/driver/riscv_mc/cache.c"
Finished building: ../src/bsp/driver/riscv_mc/cache.c
 
Building file: ../src/bsp/driver/riscv_mc/crt0.S
Invoking: GNU RISC-V Cross Assembler
riscv-none-embed-gcc -march=rv32imc -mabi=ilp32 -msmall-data-limit=8 -mno-save-restore -O0 -fmessage-length=0 -fsigned-char -ffunction-sections -fdata-sections  -g3 -x assembler-with-cpp -MMD -MP -MF"src/bsp/driver/riscv_mc/crt0.d" -MT"src/bsp/driver/riscv_mc/crt0.o" -c -o "src/bsp/driver/riscv_mc/crt0.o" "../src/bsp/driver/riscv_mc/crt0.S"
Finished building: ../src/bsp/driver/riscv_mc/crt0.S
 
Building file: ../src/bsp/driver/riscv_mc/exit.c
Invoking: GNU RISC-V Cross C Compiler
riscv-none-embed-gcc -march=rv32imc -mabi=ilp32 -msmall-data-limit=8 -mno-save-restore -O0 -fmessage-length=0 -fsigned-char -ffunction-sections -fdata-sections  -g3 -DLSCC_STDIO_UART_APB -I"C:\fpga\SW\riscv_mc_helloworld/src" -I"C:\fpga\SW\riscv_mc_helloworld/src/bsp" -I"C:\fpga\SW\riscv_mc_helloworld/src/bsp/driver" -I"C:\fpga\SW\riscv_mc_helloworld/src/bsp/driver/gpio" -I"C:\fpga\SW\riscv_mc_helloworld/src/bsp/driver/riscv_mc" -I"C:\fpga\SW\riscv_mc_helloworld/src/bsp/driver/uart" -std=gnu11 --specs=picolibc.specs -DPICOLIBC_INTEGER_PRINTF_SCANF -MMD -MP -MF"src/bsp/driver/riscv_mc/exit.d" -MT"src/bsp/driver/riscv_mc/exit.o" -c -o "src/bsp/driver/riscv_mc/exit.o" "../src/bsp/driver/riscv_mc/exit.c"
Finished building: ../src/bsp/driver/riscv_mc/exit.c
 
Building file: ../src/bsp/driver/riscv_mc/interrupt.c
Invoking: GNU RISC-V Cross C Compiler
riscv-none-embed-gcc -march=rv32imc -mabi=ilp32 -msmall-data-limit=8 -mno-save-restore -O0 -fmessage-length=0 -fsigned-char -ffunction-sections -fdata-sections  -g3 -DLSCC_STDIO_UART_APB -I"C:\fpga\SW\riscv_mc_helloworld/src" -I"C:\fpga\SW\riscv_mc_helloworld/src/bsp" -I"C:\fpga\SW\riscv_mc_helloworld/src/bsp/driver" -I"C:\fpga\SW\riscv_mc_helloworld/src/bsp/driver/gpio" -I"C:\fpga\SW\riscv_mc_helloworld/src/bsp/driver/riscv_mc" -I"C:\fpga\SW\riscv_mc_helloworld/src/bsp/driver/uart" -std=gnu11 --specs=picolibc.specs -DPICOLIBC_INTEGER_PRINTF_SCANF -MMD -MP -MF"src/bsp/driver/riscv_mc/interrupt.d" -MT"src/bsp/driver/riscv_mc/interrupt.o" -c -o "src/bsp/driver/riscv_mc/interrupt.o" "../src/bsp/driver/riscv_mc/interrupt.c"
Finished building: ../src/bsp/driver/riscv_mc/interrupt.c
 
Building file: ../src/bsp/driver/riscv_mc/iob.c
Invoking: GNU RISC-V Cross C Compiler
riscv-none-embed-gcc -march=rv32imc -mabi=ilp32 -msmall-data-limit=8 -mno-save-restore -O0 -fmessage-length=0 -fsigned-char -ffunction-sections -fdata-sections  -g3 -DLSCC_STDIO_UART_APB -I"C:\fpga\SW\riscv_mc_helloworld/src" -I"C:\fpga\SW\riscv_mc_helloworld/src/bsp" -I"C:\fpga\SW\riscv_mc_helloworld/src/bsp/driver" -I"C:\fpga\SW\riscv_mc_helloworld/src/bsp/driver/gpio" -I"C:\fpga\SW\riscv_mc_helloworld/src/bsp/driver/riscv_mc" -I"C:\fpga\SW\riscv_mc_helloworld/src/bsp/driver/uart" -std=gnu11 --specs=picolibc.specs -DPICOLIBC_INTEGER_PRINTF_SCANF -MMD -MP -MF"src/bsp/driver/riscv_mc/iob.d" -MT"src/bsp/driver/riscv_mc/iob.o" -c -o "src/bsp/driver/riscv_mc/iob.o" "../src/bsp/driver/riscv_mc/iob.c"
Finished building: ../src/bsp/driver/riscv_mc/iob.c
 
Building file: ../src/bsp/driver/riscv_mc/pic.c
Invoking: GNU RISC-V Cross C Compiler
riscv-none-embed-gcc -march=rv32imc -mabi=ilp32 -msmall-data-limit=8 -mno-save-restore -O0 -fmessage-length=0 -fsigned-char -ffunction-sections -fdata-sections  -g3 -DLSCC_STDIO_UART_APB -I"C:\fpga\SW\riscv_mc_helloworld/src" -I"C:\fpga\SW\riscv_mc_helloworld/src/bsp" -I"C:\fpga\SW\riscv_mc_helloworld/src/bsp/driver" -I"C:\fpga\SW\riscv_mc_helloworld/src/bsp/driver/gpio" -I"C:\fpga\SW\riscv_mc_helloworld/src/bsp/driver/riscv_mc" -I"C:\fpga\SW\riscv_mc_helloworld/src/bsp/driver/uart" -std=gnu11 --specs=picolibc.specs -DPICOLIBC_INTEGER_PRINTF_SCANF -MMD -MP -MF"src/bsp/driver/riscv_mc/pic.d" -MT"src/bsp/driver/riscv_mc/pic.o" -c -o "src/bsp/driver/riscv_mc/pic.o" "../src/bsp/driver/riscv_mc/pic.c"
Finished building: ../src/bsp/driver/riscv_mc/pic.c
 
Building file: ../src/bsp/driver/riscv_mc/reg_access.c
Invoking: GNU RISC-V Cross C Compiler
riscv-none-embed-gcc -march=rv32imc -mabi=ilp32 -msmall-data-limit=8 -mno-save-restore -O0 -fmessage-length=0 -fsigned-char -ffunction-sections -fdata-sections  -g3 -DLSCC_STDIO_UART_APB -I"C:\fpga\SW\riscv_mc_helloworld/src" -I"C:\fpga\SW\riscv_mc_helloworld/src/bsp" -I"C:\fpga\SW\riscv_mc_helloworld/src/bsp/driver" -I"C:\fpga\SW\riscv_mc_helloworld/src/bsp/driver/gpio" -I"C:\fpga\SW\riscv_mc_helloworld/src/bsp/driver/riscv_mc" -I"C:\fpga\SW\riscv_mc_helloworld/src/bsp/driver/uart" -std=gnu11 --specs=picolibc.specs -DPICOLIBC_INTEGER_PRINTF_SCANF -MMD -MP -MF"src/bsp/driver/riscv_mc/reg_access.d" -MT"src/bsp/driver/riscv_mc/reg_access.o" -c -o "src/bsp/driver/riscv_mc/reg_access.o" "../src/bsp/driver/riscv_mc/reg_access.c"
Finished building: ../src/bsp/driver/riscv_mc/reg_access.c
 
Building file: ../src/bsp/driver/riscv_mc/timer.c
Invoking: GNU RISC-V Cross C Compiler
riscv-none-embed-gcc -march=rv32imc -mabi=ilp32 -msmall-data-limit=8 -mno-save-restore -O0 -fmessage-length=0 -fsigned-char -ffunction-sections -fdata-sections  -g3 -DLSCC_STDIO_UART_APB -I"C:\fpga\SW\riscv_mc_helloworld/src" -I"C:\fpga\SW\riscv_mc_helloworld/src/bsp" -I"C:\fpga\SW\riscv_mc_helloworld/src/bsp/driver" -I"C:\fpga\SW\riscv_mc_helloworld/src/bsp/driver/gpio" -I"C:\fpga\SW\riscv_mc_helloworld/src/bsp/driver/riscv_mc" -I"C:\fpga\SW\riscv_mc_helloworld/src/bsp/driver/uart" -std=gnu11 --specs=picolibc.specs -DPICOLIBC_INTEGER_PRINTF_SCANF -MMD -MP -MF"src/bsp/driver/riscv_mc/timer.d" -MT"src/bsp/driver/riscv_mc/timer.o" -c -o "src/bsp/driver/riscv_mc/timer.o" "../src/bsp/driver/riscv_mc/timer.c"
Finished building: ../src/bsp/driver/riscv_mc/timer.c
 
Building file: ../src/bsp/driver/riscv_mc/util.c
Invoking: GNU RISC-V Cross C Compiler
riscv-none-embed-gcc -march=rv32imc -mabi=ilp32 -msmall-data-limit=8 -mno-save-restore -O0 -fmessage-length=0 -fsigned-char -ffunction-sections -fdata-sections  -g3 -DLSCC_STDIO_UART_APB -I"C:\fpga\SW\riscv_mc_helloworld/src" -I"C:\fpga\SW\riscv_mc_helloworld/src/bsp" -I"C:\fpga\SW\riscv_mc_helloworld/src/bsp/driver" -I"C:\fpga\SW\riscv_mc_helloworld/src/bsp/driver/gpio" -I"C:\fpga\SW\riscv_mc_helloworld/src/bsp/driver/riscv_mc" -I"C:\fpga\SW\riscv_mc_helloworld/src/bsp/driver/uart" -std=gnu11 --specs=picolibc.specs -DPICOLIBC_INTEGER_PRINTF_SCANF -MMD -MP -MF"src/bsp/driver/riscv_mc/util.d" -MT"src/bsp/driver/riscv_mc/util.o" -c -o "src/bsp/driver/riscv_mc/util.o" "../src/bsp/driver/riscv_mc/util.c"
Finished building: ../src/bsp/driver/riscv_mc/util.c
 
Building file: ../src/bsp/driver/gpio/gpio.c
Invoking: GNU RISC-V Cross C Compiler
riscv-none-embed-gcc -march=rv32imc -mabi=ilp32 -msmall-data-limit=8 -mno-save-restore -O0 -fmessage-length=0 -fsigned-char -ffunction-sections -fdata-sections  -g3 -DLSCC_STDIO_UART_APB -I"C:\fpga\SW\riscv_mc_helloworld/src" -I"C:\fpga\SW\riscv_mc_helloworld/src/bsp" -I"C:\fpga\SW\riscv_mc_helloworld/src/bsp/driver" -I"C:\fpga\SW\riscv_mc_helloworld/src/bsp/driver/gpio" -I"C:\fpga\SW\riscv_mc_helloworld/src/bsp/driver/riscv_mc" -I"C:\fpga\SW\riscv_mc_helloworld/src/bsp/driver/uart" -std=gnu11 --specs=picolibc.specs -DPICOLIBC_INTEGER_PRINTF_SCANF -MMD -MP -MF"src/bsp/driver/gpio/gpio.d" -MT"src/bsp/driver/gpio/gpio.o" -c -o "src/bsp/driver/gpio/gpio.o" "../src/bsp/driver/gpio/gpio.c"
Finished building: ../src/bsp/driver/gpio/gpio.c
 
Building file: ../src/main.c
Invoking: GNU RISC-V Cross C Compiler
riscv-none-embed-gcc -march=rv32imc -mabi=ilp32 -msmall-data-limit=8 -mno-save-restore -O0 -fmessage-length=0 -fsigned-char -ffunction-sections -fdata-sections  -g3 -DLSCC_STDIO_UART_APB -I"C:\fpga\SW\riscv_mc_helloworld/src" -I"C:\fpga\SW\riscv_mc_helloworld/src/bsp" -I"C:\fpga\SW\riscv_mc_helloworld/src/bsp/driver" -I"C:\fpga\SW\riscv_mc_helloworld/src/bsp/driver/gpio" -I"C:\fpga\SW\riscv_mc_helloworld/src/bsp/driver/riscv_mc" -I"C:\fpga\SW\riscv_mc_helloworld/src/bsp/driver/uart" -std=gnu11 --specs=picolibc.specs -DPICOLIBC_INTEGER_PRINTF_SCANF -MMD -MP -MF"src/main.d" -MT"src/main.o" -c -o "src/main.o" "../src/main.c"
Finished building: ../src/main.c
 
Building file: ../src/utils.c
Invoking: GNU RISC-V Cross C Compiler
riscv-none-embed-gcc -march=rv32imc -mabi=ilp32 -msmall-data-limit=8 -mno-save-restore -O0 -fmessage-length=0 -fsigned-char -ffunction-sections -fdata-sections  -g3 -DLSCC_STDIO_UART_APB -I"C:\fpga\SW\riscv_mc_helloworld/src" -I"C:\fpga\SW\riscv_mc_helloworld/src/bsp" -I"C:\fpga\SW\riscv_mc_helloworld/src/bsp/driver" -I"C:\fpga\SW\riscv_mc_helloworld/src/bsp/driver/gpio" -I"C:\fpga\SW\riscv_mc_helloworld/src/bsp/driver/riscv_mc" -I"C:\fpga\SW\riscv_mc_helloworld/src/bsp/driver/uart" -std=gnu11 --specs=picolibc.specs -DPICOLIBC_INTEGER_PRINTF_SCANF -MMD -MP -MF"src/utils.d" -MT"src/utils.o" -c -o "src/utils.o" "../src/utils.c"
Finished building: ../src/utils.c
 
Building target: riscv_mc_helloworld.elf
Invoking: GNU RISC-V Cross C Linker
riscv-none-embed-gcc -march=rv32imc -mabi=ilp32 -msmall-data-limit=8 -mno-save-restore -O0 -fmessage-length=0 -fsigned-char -ffunction-sections -fdata-sections  -g3 -T "C:/fpga/SW/riscv_mc_helloworld/src/linker.ld" -nostartfiles -Xlinker --gc-sections -Wl,-Map,"riscv_mc_helloworld.map" --specs=picolibc.specs -DPICOLIBC_INTEGER_PRINTF_SCANF -o "riscv_mc_helloworld.elf"  ./src/bsp/driver/uart/uart.o  ./src/bsp/driver/riscv_mc/cache.o ./src/bsp/driver/riscv_mc/crt0.o ./src/bsp/driver/riscv_mc/exit.o ./src/bsp/driver/riscv_mc/interrupt.o ./src/bsp/driver/riscv_mc/iob.o ./src/bsp/driver/riscv_mc/pic.o ./src/bsp/driver/riscv_mc/reg_access.o ./src/bsp/driver/riscv_mc/timer.o ./src/bsp/driver/riscv_mc/util.o  ./src/bsp/driver/gpio/gpio.o  ./src/main.o ./src/utils.o   
Finished building target: riscv_mc_helloworld.elf
 
Invoking: GNU RISC-V Cross Create Listing
riscv-none-embed-objdump --source --all-headers --demangle --line-numbers --wide "riscv_mc_helloworld.elf" > "riscv_mc_helloworld.lst"
Finished building: riscv_mc_helloworld.lst
 
Invoking: GNU RISC-V Cross Print Size
riscv-none-embed-size --format=berkeley "riscv_mc_helloworld.elf"
   text	   data	    bss	    dec	    hex	filename
   4660	     24	   3004	   7688	   1e08	riscv_mc_helloworld.elf
Finished building: riscv_mc_helloworld.siz
 
Invoking: Lattice Create Memory Deployment
riscv-none-embed-objcopy -O binary --gap-fill 0 "riscv_mc_helloworld.elf" "riscv_mc_helloworld.bin"; srec_cat "riscv_mc_helloworld.bin" -Binary -byte-swap 4 -DISable Header -Output "riscv_mc_helloworld.mem" -MEM 32
Finished building: riscv_mc_helloworld.mem
 
16:43:12 **** Incremental Build of configuration Debug for project riscv_mc_helloworld ****
make all 
Invoking: GNU RISC-V Cross Print Size
riscv-none-embed-size --format=berkeley "riscv_mc_helloworld.elf"
   text	   data	    bss	    dec	    hex	filename
   4660	     24	   3004	   7688	   1e08	riscv_mc_helloworld.elf
Finished building: riscv_mc_helloworld.siz
 
16:43:33 **** Incremental Build of configuration Debug for project riscv_mc_helloworld ****
make all 
Invoking: GNU RISC-V Cross Print Size
riscv-none-embed-size --format=berkeley "riscv_mc_helloworld.elf"
   text	   data	    bss	    dec	    hex	filename
   4660	     24	   3004	   7688	   1e08	riscv_mc_helloworld.elf
Finished building: riscv_mc_helloworld.siz
 
17:23:20 **** Incremental Build of configuration Debug for project riscv_mc_helloworld ****
make all 
Invoking: GNU RISC-V Cross Print Size
riscv-none-embed-size --format=berkeley "riscv_mc_helloworld.elf"
   text	   data	    bss	    dec	    hex	filename
   4660	     24	   3004	   7688	   1e08	riscv_mc_helloworld.elf
Finished building: riscv_mc_helloworld.siz
 
17:23:25 **** Incremental Build of configuration Debug for project riscv_mc_helloworld ****
make all 
Invoking: GNU RISC-V Cross Print Size
riscv-none-embed-size --format=berkeley "riscv_mc_helloworld.elf"
   text	   data	    bss	    dec	    hex	filename
   4660	     24	   3004	   7688	   1e08	riscv_mc_helloworld.elf
Finished building: riscv_mc_helloworld.siz
 
17:29:49 **** Incremental Build of configuration Debug for project riscv_mc_helloworld ****
make all 
Building file: ../src/bsp/driver/uart/uart.c
Invoking: GNU RISC-V Cross C Compiler
riscv-none-embed-gcc -march=rv32imc -mabi=ilp32 -msmall-data-limit=8 -mno-save-restore -O0 -fmessage-length=0 -fsigned-char -ffunction-sections -fdata-sections  -g3 -DLSCC_STDIO_UART_APB -I"C:\fpga\SW\riscv_mc_helloworld/src" -I"C:\fpga\SW\riscv_mc_helloworld/src/bsp" -I"C:\fpga\SW\riscv_mc_helloworld/src/bsp/driver" -I"C:\fpga\SW\riscv_mc_helloworld/src/bsp/driver/gpio" -I"C:\fpga\SW\riscv_mc_helloworld/src/bsp/driver/riscv_mc" -I"C:\fpga\SW\riscv_mc_helloworld/src/bsp/driver/uart" -std=gnu11 --specs=picolibc.specs -DPICOLIBC_INTEGER_PRINTF_SCANF -MMD -MP -MF"src/bsp/driver/uart/uart.d" -MT"src/bsp/driver/uart/uart.o" -c -o "src/bsp/driver/uart/uart.o" "../src/bsp/driver/uart/uart.c"
Finished building: ../src/bsp/driver/uart/uart.c
 
Building file: ../src/bsp/driver/riscv_mc/cache.c
Invoking: GNU RISC-V Cross C Compiler
riscv-none-embed-gcc -march=rv32imc -mabi=ilp32 -msmall-data-limit=8 -mno-save-restore -O0 -fmessage-length=0 -fsigned-char -ffunction-sections -fdata-sections  -g3 -DLSCC_STDIO_UART_APB -I"C:\fpga\SW\riscv_mc_helloworld/src" -I"C:\fpga\SW\riscv_mc_helloworld/src/bsp" -I"C:\fpga\SW\riscv_mc_helloworld/src/bsp/driver" -I"C:\fpga\SW\riscv_mc_helloworld/src/bsp/driver/gpio" -I"C:\fpga\SW\riscv_mc_helloworld/src/bsp/driver/riscv_mc" -I"C:\fpga\SW\riscv_mc_helloworld/src/bsp/driver/uart" -std=gnu11 --specs=picolibc.specs -DPICOLIBC_INTEGER_PRINTF_SCANF -MMD -MP -MF"src/bsp/driver/riscv_mc/cache.d" -MT"src/bsp/driver/riscv_mc/cache.o" -c -o "src/bsp/driver/riscv_mc/cache.o" "../src/bsp/driver/riscv_mc/cache.c"
Finished building: ../src/bsp/driver/riscv_mc/cache.c
 
Building file: ../src/bsp/driver/riscv_mc/crt0.S
Invoking: GNU RISC-V Cross Assembler
riscv-none-embed-gcc -march=rv32imc -mabi=ilp32 -msmall-data-limit=8 -mno-save-restore -O0 -fmessage-length=0 -fsigned-char -ffunction-sections -fdata-sections  -g3 -x assembler-with-cpp -MMD -MP -MF"src/bsp/driver/riscv_mc/crt0.d" -MT"src/bsp/driver/riscv_mc/crt0.o" -c -o "src/bsp/driver/riscv_mc/crt0.o" "../src/bsp/driver/riscv_mc/crt0.S"
Finished building: ../src/bsp/driver/riscv_mc/crt0.S
 
Building file: ../src/bsp/driver/riscv_mc/exit.c
Invoking: GNU RISC-V Cross C Compiler
riscv-none-embed-gcc -march=rv32imc -mabi=ilp32 -msmall-data-limit=8 -mno-save-restore -O0 -fmessage-length=0 -fsigned-char -ffunction-sections -fdata-sections  -g3 -DLSCC_STDIO_UART_APB -I"C:\fpga\SW\riscv_mc_helloworld/src" -I"C:\fpga\SW\riscv_mc_helloworld/src/bsp" -I"C:\fpga\SW\riscv_mc_helloworld/src/bsp/driver" -I"C:\fpga\SW\riscv_mc_helloworld/src/bsp/driver/gpio" -I"C:\fpga\SW\riscv_mc_helloworld/src/bsp/driver/riscv_mc" -I"C:\fpga\SW\riscv_mc_helloworld/src/bsp/driver/uart" -std=gnu11 --specs=picolibc.specs -DPICOLIBC_INTEGER_PRINTF_SCANF -MMD -MP -MF"src/bsp/driver/riscv_mc/exit.d" -MT"src/bsp/driver/riscv_mc/exit.o" -c -o "src/bsp/driver/riscv_mc/exit.o" "../src/bsp/driver/riscv_mc/exit.c"
Finished building: ../src/bsp/driver/riscv_mc/exit.c
 
Building file: ../src/bsp/driver/riscv_mc/interrupt.c
Invoking: GNU RISC-V Cross C Compiler
riscv-none-embed-gcc -march=rv32imc -mabi=ilp32 -msmall-data-limit=8 -mno-save-restore -O0 -fmessage-length=0 -fsigned-char -ffunction-sections -fdata-sections  -g3 -DLSCC_STDIO_UART_APB -I"C:\fpga\SW\riscv_mc_helloworld/src" -I"C:\fpga\SW\riscv_mc_helloworld/src/bsp" -I"C:\fpga\SW\riscv_mc_helloworld/src/bsp/driver" -I"C:\fpga\SW\riscv_mc_helloworld/src/bsp/driver/gpio" -I"C:\fpga\SW\riscv_mc_helloworld/src/bsp/driver/riscv_mc" -I"C:\fpga\SW\riscv_mc_helloworld/src/bsp/driver/uart" -std=gnu11 --specs=picolibc.specs -DPICOLIBC_INTEGER_PRINTF_SCANF -MMD -MP -MF"src/bsp/driver/riscv_mc/interrupt.d" -MT"src/bsp/driver/riscv_mc/interrupt.o" -c -o "src/bsp/driver/riscv_mc/interrupt.o" "../src/bsp/driver/riscv_mc/interrupt.c"
Finished building: ../src/bsp/driver/riscv_mc/interrupt.c
 
Building file: ../src/bsp/driver/riscv_mc/iob.c
Invoking: GNU RISC-V Cross C Compiler
riscv-none-embed-gcc -march=rv32imc -mabi=ilp32 -msmall-data-limit=8 -mno-save-restore -O0 -fmessage-length=0 -fsigned-char -ffunction-sections -fdata-sections  -g3 -DLSCC_STDIO_UART_APB -I"C:\fpga\SW\riscv_mc_helloworld/src" -I"C:\fpga\SW\riscv_mc_helloworld/src/bsp" -I"C:\fpga\SW\riscv_mc_helloworld/src/bsp/driver" -I"C:\fpga\SW\riscv_mc_helloworld/src/bsp/driver/gpio" -I"C:\fpga\SW\riscv_mc_helloworld/src/bsp/driver/riscv_mc" -I"C:\fpga\SW\riscv_mc_helloworld/src/bsp/driver/uart" -std=gnu11 --specs=picolibc.specs -DPICOLIBC_INTEGER_PRINTF_SCANF -MMD -MP -MF"src/bsp/driver/riscv_mc/iob.d" -MT"src/bsp/driver/riscv_mc/iob.o" -c -o "src/bsp/driver/riscv_mc/iob.o" "../src/bsp/driver/riscv_mc/iob.c"
Finished building: ../src/bsp/driver/riscv_mc/iob.c
 
Building file: ../src/bsp/driver/riscv_mc/pic.c
Invoking: GNU RISC-V Cross C Compiler
riscv-none-embed-gcc -march=rv32imc -mabi=ilp32 -msmall-data-limit=8 -mno-save-restore -O0 -fmessage-length=0 -fsigned-char -ffunction-sections -fdata-sections  -g3 -DLSCC_STDIO_UART_APB -I"C:\fpga\SW\riscv_mc_helloworld/src" -I"C:\fpga\SW\riscv_mc_helloworld/src/bsp" -I"C:\fpga\SW\riscv_mc_helloworld/src/bsp/driver" -I"C:\fpga\SW\riscv_mc_helloworld/src/bsp/driver/gpio" -I"C:\fpga\SW\riscv_mc_helloworld/src/bsp/driver/riscv_mc" -I"C:\fpga\SW\riscv_mc_helloworld/src/bsp/driver/uart" -std=gnu11 --specs=picolibc.specs -DPICOLIBC_INTEGER_PRINTF_SCANF -MMD -MP -MF"src/bsp/driver/riscv_mc/pic.d" -MT"src/bsp/driver/riscv_mc/pic.o" -c -o "src/bsp/driver/riscv_mc/pic.o" "../src/bsp/driver/riscv_mc/pic.c"
Finished building: ../src/bsp/driver/riscv_mc/pic.c
 
Building file: ../src/bsp/driver/riscv_mc/reg_access.c
Invoking: GNU RISC-V Cross C Compiler
riscv-none-embed-gcc -march=rv32imc -mabi=ilp32 -msmall-data-limit=8 -mno-save-restore -O0 -fmessage-length=0 -fsigned-char -ffunction-sections -fdata-sections  -g3 -DLSCC_STDIO_UART_APB -I"C:\fpga\SW\riscv_mc_helloworld/src" -I"C:\fpga\SW\riscv_mc_helloworld/src/bsp" -I"C:\fpga\SW\riscv_mc_helloworld/src/bsp/driver" -I"C:\fpga\SW\riscv_mc_helloworld/src/bsp/driver/gpio" -I"C:\fpga\SW\riscv_mc_helloworld/src/bsp/driver/riscv_mc" -I"C:\fpga\SW\riscv_mc_helloworld/src/bsp/driver/uart" -std=gnu11 --specs=picolibc.specs -DPICOLIBC_INTEGER_PRINTF_SCANF -MMD -MP -MF"src/bsp/driver/riscv_mc/reg_access.d" -MT"src/bsp/driver/riscv_mc/reg_access.o" -c -o "src/bsp/driver/riscv_mc/reg_access.o" "../src/bsp/driver/riscv_mc/reg_access.c"
Finished building: ../src/bsp/driver/riscv_mc/reg_access.c
 
Building file: ../src/bsp/driver/riscv_mc/timer.c
Invoking: GNU RISC-V Cross C Compiler
riscv-none-embed-gcc -march=rv32imc -mabi=ilp32 -msmall-data-limit=8 -mno-save-restore -O0 -fmessage-length=0 -fsigned-char -ffunction-sections -fdata-sections  -g3 -DLSCC_STDIO_UART_APB -I"C:\fpga\SW\riscv_mc_helloworld/src" -I"C:\fpga\SW\riscv_mc_helloworld/src/bsp" -I"C:\fpga\SW\riscv_mc_helloworld/src/bsp/driver" -I"C:\fpga\SW\riscv_mc_helloworld/src/bsp/driver/gpio" -I"C:\fpga\SW\riscv_mc_helloworld/src/bsp/driver/riscv_mc" -I"C:\fpga\SW\riscv_mc_helloworld/src/bsp/driver/uart" -std=gnu11 --specs=picolibc.specs -DPICOLIBC_INTEGER_PRINTF_SCANF -MMD -MP -MF"src/bsp/driver/riscv_mc/timer.d" -MT"src/bsp/driver/riscv_mc/timer.o" -c -o "src/bsp/driver/riscv_mc/timer.o" "../src/bsp/driver/riscv_mc/timer.c"
Finished building: ../src/bsp/driver/riscv_mc/timer.c
 
Building file: ../src/bsp/driver/riscv_mc/util.c
Invoking: GNU RISC-V Cross C Compiler
riscv-none-embed-gcc -march=rv32imc -mabi=ilp32 -msmall-data-limit=8 -mno-save-restore -O0 -fmessage-length=0 -fsigned-char -ffunction-sections -fdata-sections  -g3 -DLSCC_STDIO_UART_APB -I"C:\fpga\SW\riscv_mc_helloworld/src" -I"C:\fpga\SW\riscv_mc_helloworld/src/bsp" -I"C:\fpga\SW\riscv_mc_helloworld/src/bsp/driver" -I"C:\fpga\SW\riscv_mc_helloworld/src/bsp/driver/gpio" -I"C:\fpga\SW\riscv_mc_helloworld/src/bsp/driver/riscv_mc" -I"C:\fpga\SW\riscv_mc_helloworld/src/bsp/driver/uart" -std=gnu11 --specs=picolibc.specs -DPICOLIBC_INTEGER_PRINTF_SCANF -MMD -MP -MF"src/bsp/driver/riscv_mc/util.d" -MT"src/bsp/driver/riscv_mc/util.o" -c -o "src/bsp/driver/riscv_mc/util.o" "../src/bsp/driver/riscv_mc/util.c"
Finished building: ../src/bsp/driver/riscv_mc/util.c
 
Building file: ../src/bsp/driver/gpio/gpio.c
Invoking: GNU RISC-V Cross C Compiler
riscv-none-embed-gcc -march=rv32imc -mabi=ilp32 -msmall-data-limit=8 -mno-save-restore -O0 -fmessage-length=0 -fsigned-char -ffunction-sections -fdata-sections  -g3 -DLSCC_STDIO_UART_APB -I"C:\fpga\SW\riscv_mc_helloworld/src" -I"C:\fpga\SW\riscv_mc_helloworld/src/bsp" -I"C:\fpga\SW\riscv_mc_helloworld/src/bsp/driver" -I"C:\fpga\SW\riscv_mc_helloworld/src/bsp/driver/gpio" -I"C:\fpga\SW\riscv_mc_helloworld/src/bsp/driver/riscv_mc" -I"C:\fpga\SW\riscv_mc_helloworld/src/bsp/driver/uart" -std=gnu11 --specs=picolibc.specs -DPICOLIBC_INTEGER_PRINTF_SCANF -MMD -MP -MF"src/bsp/driver/gpio/gpio.d" -MT"src/bsp/driver/gpio/gpio.o" -c -o "src/bsp/driver/gpio/gpio.o" "../src/bsp/driver/gpio/gpio.c"
Finished building: ../src/bsp/driver/gpio/gpio.c
 
Building file: ../src/main.c
Invoking: GNU RISC-V Cross C Compiler
riscv-none-embed-gcc -march=rv32imc -mabi=ilp32 -msmall-data-limit=8 -mno-save-restore -O0 -fmessage-length=0 -fsigned-char -ffunction-sections -fdata-sections  -g3 -DLSCC_STDIO_UART_APB -I"C:\fpga\SW\riscv_mc_helloworld/src" -I"C:\fpga\SW\riscv_mc_helloworld/src/bsp" -I"C:\fpga\SW\riscv_mc_helloworld/src/bsp/driver" -I"C:\fpga\SW\riscv_mc_helloworld/src/bsp/driver/gpio" -I"C:\fpga\SW\riscv_mc_helloworld/src/bsp/driver/riscv_mc" -I"C:\fpga\SW\riscv_mc_helloworld/src/bsp/driver/uart" -std=gnu11 --specs=picolibc.specs -DPICOLIBC_INTEGER_PRINTF_SCANF -MMD -MP -MF"src/main.d" -MT"src/main.o" -c -o "src/main.o" "../src/main.c"
Finished building: ../src/main.c
 
Building file: ../src/utils.c
Invoking: GNU RISC-V Cross C Compiler
riscv-none-embed-gcc -march=rv32imc -mabi=ilp32 -msmall-data-limit=8 -mno-save-restore -O0 -fmessage-length=0 -fsigned-char -ffunction-sections -fdata-sections  -g3 -DLSCC_STDIO_UART_APB -I"C:\fpga\SW\riscv_mc_helloworld/src" -I"C:\fpga\SW\riscv_mc_helloworld/src/bsp" -I"C:\fpga\SW\riscv_mc_helloworld/src/bsp/driver" -I"C:\fpga\SW\riscv_mc_helloworld/src/bsp/driver/gpio" -I"C:\fpga\SW\riscv_mc_helloworld/src/bsp/driver/riscv_mc" -I"C:\fpga\SW\riscv_mc_helloworld/src/bsp/driver/uart" -std=gnu11 --specs=picolibc.specs -DPICOLIBC_INTEGER_PRINTF_SCANF -MMD -MP -MF"src/utils.d" -MT"src/utils.o" -c -o "src/utils.o" "../src/utils.c"
Finished building: ../src/utils.c
 
Building target: riscv_mc_helloworld.elf
Invoking: GNU RISC-V Cross C Linker
riscv-none-embed-gcc -march=rv32imc -mabi=ilp32 -msmall-data-limit=8 -mno-save-restore -O0 -fmessage-length=0 -fsigned-char -ffunction-sections -fdata-sections  -g3 -T "C:/fpga/SW/riscv_mc_helloworld/src/linker.ld" -nostartfiles -Xlinker --gc-sections -Wl,-Map,"riscv_mc_helloworld.map" --specs=picolibc.specs -DPICOLIBC_INTEGER_PRINTF_SCANF -o "riscv_mc_helloworld.elf"  ./src/bsp/driver/uart/uart.o  ./src/bsp/driver/riscv_mc/cache.o ./src/bsp/driver/riscv_mc/crt0.o ./src/bsp/driver/riscv_mc/exit.o ./src/bsp/driver/riscv_mc/interrupt.o ./src/bsp/driver/riscv_mc/iob.o ./src/bsp/driver/riscv_mc/pic.o ./src/bsp/driver/riscv_mc/reg_access.o ./src/bsp/driver/riscv_mc/timer.o ./src/bsp/driver/riscv_mc/util.o  ./src/bsp/driver/gpio/gpio.o  ./src/main.o ./src/utils.o   
Finished building target: riscv_mc_helloworld.elf
 
Invoking: GNU RISC-V Cross Create Listing
riscv-none-embed-objdump --source --all-headers --demangle --line-numbers --wide "riscv_mc_helloworld.elf" > "riscv_mc_helloworld.lst"
Finished building: riscv_mc_helloworld.lst
 
Invoking: GNU RISC-V Cross Print Size
riscv-none-embed-size --format=berkeley "riscv_mc_helloworld.elf"
   text	   data	    bss	    dec	    hex	filename
   4660	     24	   3004	   7688	   1e08	riscv_mc_helloworld.elf
Finished building: riscv_mc_helloworld.siz
 
Invoking: Lattice Create Memory Deployment
riscv-none-embed-objcopy -O binary --gap-fill 0 "riscv_mc_helloworld.elf" "riscv_mc_helloworld.bin"; srec_cat "riscv_mc_helloworld.bin" -Binary -byte-swap 4 -DISable Header -Output "riscv_mc_helloworld.mem" -MEM 32
Finished building: riscv_mc_helloworld.mem
 
10:32:47 **** Incremental Build of configuration Debug for project riscv_mc_helloworld ****
make all 
Building file: ../src/bsp/driver/uart/uart.c
Invoking: GNU RISC-V Cross C Compiler
riscv-none-embed-gcc -march=rv32imc -mabi=ilp32 -msmall-data-limit=8 -mno-save-restore -O0 -fmessage-length=0 -fsigned-char -ffunction-sections -fdata-sections  -g3 -DLSCC_STDIO_UART_APB -I"C:\Users\x-luo\proj\hw4\SW\riscv_mc_helloworld/src" -I"C:\Users\x-luo\proj\hw4\SW\riscv_mc_helloworld\src\RTD" -I"C:\Users\x-luo\proj\hw4\SW\riscv_mc_helloworld\src\bsp\driver\spi_controller" -I"C:\Users\x-luo\proj\hw4\SW\riscv_mc_helloworld/src/bsp" -I"C:\Users\x-luo\proj\hw4\SW\riscv_mc_helloworld/src/bsp/driver" -I"C:\Users\x-luo\proj\hw4\SW\riscv_mc_helloworld/src/bsp/driver/gpio" -I"C:\Users\x-luo\proj\hw4\SW\riscv_mc_helloworld/src/bsp/driver/riscv_mc" -I"C:\Users\x-luo\proj\hw4\SW\riscv_mc_helloworld/src/bsp/driver/uart" -std=gnu11 --specs=picolibc.specs -DPICOLIBC_INTEGER_PRINTF_SCANF -MMD -MP -MF"src/bsp/driver/uart/uart.d" -MT"src/bsp/driver/uart/uart.o" -c -o "src/bsp/driver/uart/uart.o" "../src/bsp/driver/uart/uart.c"
Finished building: ../src/bsp/driver/uart/uart.c
 
Building file: ../src/bsp/driver/spi_controller/spi_master.c
Invoking: GNU RISC-V Cross C Compiler
riscv-none-embed-gcc -march=rv32imc -mabi=ilp32 -msmall-data-limit=8 -mno-save-restore -O0 -fmessage-length=0 -fsigned-char -ffunction-sections -fdata-sections  -g3 -DLSCC_STDIO_UART_APB -I"C:\Users\x-luo\proj\hw4\SW\riscv_mc_helloworld/src" -I"C:\Users\x-luo\proj\hw4\SW\riscv_mc_helloworld\src\RTD" -I"C:\Users\x-luo\proj\hw4\SW\riscv_mc_helloworld\src\bsp\driver\spi_controller" -I"C:\Users\x-luo\proj\hw4\SW\riscv_mc_helloworld/src/bsp" -I"C:\Users\x-luo\proj\hw4\SW\riscv_mc_helloworld/src/bsp/driver" -I"C:\Users\x-luo\proj\hw4\SW\riscv_mc_helloworld/src/bsp/driver/gpio" -I"C:\Users\x-luo\proj\hw4\SW\riscv_mc_helloworld/src/bsp/driver/riscv_mc" -I"C:\Users\x-luo\proj\hw4\SW\riscv_mc_helloworld/src/bsp/driver/uart" -std=gnu11 --specs=picolibc.specs -DPICOLIBC_INTEGER_PRINTF_SCANF -MMD -MP -MF"src/bsp/driver/spi_controller/spi_master.d" -MT"src/bsp/driver/spi_controller/spi_master.o" -c -o "src/bsp/driver/spi_controller/spi_master.o" "../src/bsp/driver/spi_controller/spi_master.c"
../src/bsp/driver/spi_controller/spi_master.c: In function 'spi_master_transfer_blocking':
../src/bsp/driver/spi_controller/spi_master.c:210:30: warning: passing argument 2 of 'reg_32b_read' from incompatible pointer type [-Wincompatible-pointer-types]
  210 |          SPI_MASTER_RD_DATA, data_buffer_in);
      |                              ^~~~~~~~~~~~~~
      |                              |
      |                              uint32_t * {aka long unsigned int *}
In file included from C:\Users\x-luo\proj\hw4\SW\riscv_mc_helloworld/src/bsp/driver/riscv_mc/hal.h:55,
                 from ../src/bsp/driver/spi_controller/spi_master.c:37:
C:\Users\x-luo\proj\hw4\SW\riscv_mc_helloworld/src/bsp/driver/riscv_mc/reg_access.h:78:21: note: expected 'unsigned int *' but argument is of type 'uint32_t *' {aka 'long unsigned int *'}
   78 |       unsigned int *reg_32b_value);
      |       ~~~~~~~~~~~~~~^~~~~~~~~~~~~
../src/bsp/driver/spi_controller/spi_master.c:226:28: warning: passing argument 2 of 'reg_32b_read' from incompatible pointer type [-Wincompatible-pointer-types]
  226 |        SPI_MASTER_RD_DATA, data_buffer_in);
      |                            ^~~~~~~~~~~~~~
      |                            |
      |                            uint32_t * {aka long unsigned int *}
In file included from C:\Users\x-luo\proj\hw4\SW\riscv_mc_helloworld/src/bsp/driver/riscv_mc/hal.h:55,
                 from ../src/bsp/driver/spi_controller/spi_master.c:37:
C:\Users\x-luo\proj\hw4\SW\riscv_mc_helloworld/src/bsp/driver/riscv_mc/reg_access.h:78:21: note: expected 'unsigned int *' but argument is of type 'uint32_t *' {aka 'long unsigned int *'}
   78 |       unsigned int *reg_32b_value);
      |       ~~~~~~~~~~~~~~^~~~~~~~~~~~~
../src/bsp/driver/spi_controller/spi_master.c: In function 'spi_master_isr':
../src/bsp/driver/spi_controller/spi_master.c:320:67: warning: passing argument 2 of 'reg_32b_read' from incompatible pointer type [-Wincompatible-pointer-types]
  320 |                          SPI_MASTER_RD_DATA,this_spim->spim_rxbuf + this_spim->rx_input_cnt);
      |                                             ~~~~~~~~~~~~~~~~~~~~~~^~~~~~~~~~~~~~~~~~~~~~~~~
      |                                                                   |
      |                                                                   uint32_t * volatile {aka long unsigned int * volatile}
In file included from C:\Users\x-luo\proj\hw4\SW\riscv_mc_helloworld/src/bsp/driver/riscv_mc/hal.h:55,
                 from ../src/bsp/driver/spi_controller/spi_master.c:37:
C:\Users\x-luo\proj\hw4\SW\riscv_mc_helloworld/src/bsp/driver/riscv_mc/reg_access.h:78:21: note: expected 'unsigned int *' but argument is of type 'uint32_t * volatile' {aka 'long unsigned int * volatile'}
   78 |       unsigned int *reg_32b_value);
      |       ~~~~~~~~~~~~~~^~~~~~~~~~~~~
../src/bsp/driver/spi_controller/spi_master.c:334:67: warning: passing argument 2 of 'reg_32b_read' from incompatible pointer type [-Wincompatible-pointer-types]
  334 |                          SPI_MASTER_RD_DATA,this_spim->spim_rxbuf + this_spim->rx_input_cnt);
      |                                             ~~~~~~~~~~~~~~~~~~~~~~^~~~~~~~~~~~~~~~~~~~~~~~~
      |                                                                   |
      |                                                                   uint32_t * volatile {aka long unsigned int * volatile}
In file included from C:\Users\x-luo\proj\hw4\SW\riscv_mc_helloworld/src/bsp/driver/riscv_mc/hal.h:55,
                 from ../src/bsp/driver/spi_controller/spi_master.c:37:
C:\Users\x-luo\proj\hw4\SW\riscv_mc_helloworld/src/bsp/driver/riscv_mc/reg_access.h:78:21: note: expected 'unsigned int *' but argument is of type 'uint32_t * volatile' {aka 'long unsigned int * volatile'}
   78 |       unsigned int *reg_32b_value);
      |       ~~~~~~~~~~~~~~^~~~~~~~~~~~~
Finished building: ../src/bsp/driver/spi_controller/spi_master.c
 
Building file: ../src/bsp/driver/riscv_mc/cache.c
Invoking: GNU RISC-V Cross C Compiler
riscv-none-embed-gcc -march=rv32imc -mabi=ilp32 -msmall-data-limit=8 -mno-save-restore -O0 -fmessage-length=0 -fsigned-char -ffunction-sections -fdata-sections  -g3 -DLSCC_STDIO_UART_APB -I"C:\Users\x-luo\proj\hw4\SW\riscv_mc_helloworld/src" -I"C:\Users\x-luo\proj\hw4\SW\riscv_mc_helloworld\src\RTD" -I"C:\Users\x-luo\proj\hw4\SW\riscv_mc_helloworld\src\bsp\driver\spi_controller" -I"C:\Users\x-luo\proj\hw4\SW\riscv_mc_helloworld/src/bsp" -I"C:\Users\x-luo\proj\hw4\SW\riscv_mc_helloworld/src/bsp/driver" -I"C:\Users\x-luo\proj\hw4\SW\riscv_mc_helloworld/src/bsp/driver/gpio" -I"C:\Users\x-luo\proj\hw4\SW\riscv_mc_helloworld/src/bsp/driver/riscv_mc" -I"C:\Users\x-luo\proj\hw4\SW\riscv_mc_helloworld/src/bsp/driver/uart" -std=gnu11 --specs=picolibc.specs -DPICOLIBC_INTEGER_PRINTF_SCANF -MMD -MP -MF"src/bsp/driver/riscv_mc/cache.d" -MT"src/bsp/driver/riscv_mc/cache.o" -c -o "src/bsp/driver/riscv_mc/cache.o" "../src/bsp/driver/riscv_mc/cache.c"
Finished building: ../src/bsp/driver/riscv_mc/cache.c
 
Building file: ../src/bsp/driver/riscv_mc/crt0.S
Invoking: GNU RISC-V Cross Assembler
riscv-none-embed-gcc -march=rv32imc -mabi=ilp32 -msmall-data-limit=8 -mno-save-restore -O0 -fmessage-length=0 -fsigned-char -ffunction-sections -fdata-sections  -g3 -x assembler-with-cpp -MMD -MP -MF"src/bsp/driver/riscv_mc/crt0.d" -MT"src/bsp/driver/riscv_mc/crt0.o" -c -o "src/bsp/driver/riscv_mc/crt0.o" "../src/bsp/driver/riscv_mc/crt0.S"
Finished building: ../src/bsp/driver/riscv_mc/crt0.S
 
Building file: ../src/bsp/driver/riscv_mc/exit.c
Invoking: GNU RISC-V Cross C Compiler
riscv-none-embed-gcc -march=rv32imc -mabi=ilp32 -msmall-data-limit=8 -mno-save-restore -O0 -fmessage-length=0 -fsigned-char -ffunction-sections -fdata-sections  -g3 -DLSCC_STDIO_UART_APB -I"C:\Users\x-luo\proj\hw4\SW\riscv_mc_helloworld/src" -I"C:\Users\x-luo\proj\hw4\SW\riscv_mc_helloworld\src\RTD" -I"C:\Users\x-luo\proj\hw4\SW\riscv_mc_helloworld\src\bsp\driver\spi_controller" -I"C:\Users\x-luo\proj\hw4\SW\riscv_mc_helloworld/src/bsp" -I"C:\Users\x-luo\proj\hw4\SW\riscv_mc_helloworld/src/bsp/driver" -I"C:\Users\x-luo\proj\hw4\SW\riscv_mc_helloworld/src/bsp/driver/gpio" -I"C:\Users\x-luo\proj\hw4\SW\riscv_mc_helloworld/src/bsp/driver/riscv_mc" -I"C:\Users\x-luo\proj\hw4\SW\riscv_mc_helloworld/src/bsp/driver/uart" -std=gnu11 --specs=picolibc.specs -DPICOLIBC_INTEGER_PRINTF_SCANF -MMD -MP -MF"src/bsp/driver/riscv_mc/exit.d" -MT"src/bsp/driver/riscv_mc/exit.o" -c -o "src/bsp/driver/riscv_mc/exit.o" "../src/bsp/driver/riscv_mc/exit.c"
Finished building: ../src/bsp/driver/riscv_mc/exit.c
 
Building file: ../src/bsp/driver/riscv_mc/interrupt.c
Invoking: GNU RISC-V Cross C Compiler
riscv-none-embed-gcc -march=rv32imc -mabi=ilp32 -msmall-data-limit=8 -mno-save-restore -O0 -fmessage-length=0 -fsigned-char -ffunction-sections -fdata-sections  -g3 -DLSCC_STDIO_UART_APB -I"C:\Users\x-luo\proj\hw4\SW\riscv_mc_helloworld/src" -I"C:\Users\x-luo\proj\hw4\SW\riscv_mc_helloworld\src\RTD" -I"C:\Users\x-luo\proj\hw4\SW\riscv_mc_helloworld\src\bsp\driver\spi_controller" -I"C:\Users\x-luo\proj\hw4\SW\riscv_mc_helloworld/src/bsp" -I"C:\Users\x-luo\proj\hw4\SW\riscv_mc_helloworld/src/bsp/driver" -I"C:\Users\x-luo\proj\hw4\SW\riscv_mc_helloworld/src/bsp/driver/gpio" -I"C:\Users\x-luo\proj\hw4\SW\riscv_mc_helloworld/src/bsp/driver/riscv_mc" -I"C:\Users\x-luo\proj\hw4\SW\riscv_mc_helloworld/src/bsp/driver/uart" -std=gnu11 --specs=picolibc.specs -DPICOLIBC_INTEGER_PRINTF_SCANF -MMD -MP -MF"src/bsp/driver/riscv_mc/interrupt.d" -MT"src/bsp/driver/riscv_mc/interrupt.o" -c -o "src/bsp/driver/riscv_mc/interrupt.o" "../src/bsp/driver/riscv_mc/interrupt.c"
Finished building: ../src/bsp/driver/riscv_mc/interrupt.c
 
Building file: ../src/bsp/driver/riscv_mc/iob.c
Invoking: GNU RISC-V Cross C Compiler
riscv-none-embed-gcc -march=rv32imc -mabi=ilp32 -msmall-data-limit=8 -mno-save-restore -O0 -fmessage-length=0 -fsigned-char -ffunction-sections -fdata-sections  -g3 -DLSCC_STDIO_UART_APB -I"C:\Users\x-luo\proj\hw4\SW\riscv_mc_helloworld/src" -I"C:\Users\x-luo\proj\hw4\SW\riscv_mc_helloworld\src\RTD" -I"C:\Users\x-luo\proj\hw4\SW\riscv_mc_helloworld\src\bsp\driver\spi_controller" -I"C:\Users\x-luo\proj\hw4\SW\riscv_mc_helloworld/src/bsp" -I"C:\Users\x-luo\proj\hw4\SW\riscv_mc_helloworld/src/bsp/driver" -I"C:\Users\x-luo\proj\hw4\SW\riscv_mc_helloworld/src/bsp/driver/gpio" -I"C:\Users\x-luo\proj\hw4\SW\riscv_mc_helloworld/src/bsp/driver/riscv_mc" -I"C:\Users\x-luo\proj\hw4\SW\riscv_mc_helloworld/src/bsp/driver/uart" -std=gnu11 --specs=picolibc.specs -DPICOLIBC_INTEGER_PRINTF_SCANF -MMD -MP -MF"src/bsp/driver/riscv_mc/iob.d" -MT"src/bsp/driver/riscv_mc/iob.o" -c -o "src/bsp/driver/riscv_mc/iob.o" "../src/bsp/driver/riscv_mc/iob.c"
Finished building: ../src/bsp/driver/riscv_mc/iob.c
 
Building file: ../src/bsp/driver/riscv_mc/pic.c
Invoking: GNU RISC-V Cross C Compiler
riscv-none-embed-gcc -march=rv32imc -mabi=ilp32 -msmall-data-limit=8 -mno-save-restore -O0 -fmessage-length=0 -fsigned-char -ffunction-sections -fdata-sections  -g3 -DLSCC_STDIO_UART_APB -I"C:\Users\x-luo\proj\hw4\SW\riscv_mc_helloworld/src" -I"C:\Users\x-luo\proj\hw4\SW\riscv_mc_helloworld\src\RTD" -I"C:\Users\x-luo\proj\hw4\SW\riscv_mc_helloworld\src\bsp\driver\spi_controller" -I"C:\Users\x-luo\proj\hw4\SW\riscv_mc_helloworld/src/bsp" -I"C:\Users\x-luo\proj\hw4\SW\riscv_mc_helloworld/src/bsp/driver" -I"C:\Users\x-luo\proj\hw4\SW\riscv_mc_helloworld/src/bsp/driver/gpio" -I"C:\Users\x-luo\proj\hw4\SW\riscv_mc_helloworld/src/bsp/driver/riscv_mc" -I"C:\Users\x-luo\proj\hw4\SW\riscv_mc_helloworld/src/bsp/driver/uart" -std=gnu11 --specs=picolibc.specs -DPICOLIBC_INTEGER_PRINTF_SCANF -MMD -MP -MF"src/bsp/driver/riscv_mc/pic.d" -MT"src/bsp/driver/riscv_mc/pic.o" -c -o "src/bsp/driver/riscv_mc/pic.o" "../src/bsp/driver/riscv_mc/pic.c"
Finished building: ../src/bsp/driver/riscv_mc/pic.c
 
Building file: ../src/bsp/driver/riscv_mc/reg_access.c
Invoking: GNU RISC-V Cross C Compiler
riscv-none-embed-gcc -march=rv32imc -mabi=ilp32 -msmall-data-limit=8 -mno-save-restore -O0 -fmessage-length=0 -fsigned-char -ffunction-sections -fdata-sections  -g3 -DLSCC_STDIO_UART_APB -I"C:\Users\x-luo\proj\hw4\SW\riscv_mc_helloworld/src" -I"C:\Users\x-luo\proj\hw4\SW\riscv_mc_helloworld\src\RTD" -I"C:\Users\x-luo\proj\hw4\SW\riscv_mc_helloworld\src\bsp\driver\spi_controller" -I"C:\Users\x-luo\proj\hw4\SW\riscv_mc_helloworld/src/bsp" -I"C:\Users\x-luo\proj\hw4\SW\riscv_mc_helloworld/src/bsp/driver" -I"C:\Users\x-luo\proj\hw4\SW\riscv_mc_helloworld/src/bsp/driver/gpio" -I"C:\Users\x-luo\proj\hw4\SW\riscv_mc_helloworld/src/bsp/driver/riscv_mc" -I"C:\Users\x-luo\proj\hw4\SW\riscv_mc_helloworld/src/bsp/driver/uart" -std=gnu11 --specs=picolibc.specs -DPICOLIBC_INTEGER_PRINTF_SCANF -MMD -MP -MF"src/bsp/driver/riscv_mc/reg_access.d" -MT"src/bsp/driver/riscv_mc/reg_access.o" -c -o "src/bsp/driver/riscv_mc/reg_access.o" "../src/bsp/driver/riscv_mc/reg_access.c"
Finished building: ../src/bsp/driver/riscv_mc/reg_access.c
 
Building file: ../src/bsp/driver/riscv_mc/timer.c
Invoking: GNU RISC-V Cross C Compiler
riscv-none-embed-gcc -march=rv32imc -mabi=ilp32 -msmall-data-limit=8 -mno-save-restore -O0 -fmessage-length=0 -fsigned-char -ffunction-sections -fdata-sections  -g3 -DLSCC_STDIO_UART_APB -I"C:\Users\x-luo\proj\hw4\SW\riscv_mc_helloworld/src" -I"C:\Users\x-luo\proj\hw4\SW\riscv_mc_helloworld\src\RTD" -I"C:\Users\x-luo\proj\hw4\SW\riscv_mc_helloworld\src\bsp\driver\spi_controller" -I"C:\Users\x-luo\proj\hw4\SW\riscv_mc_helloworld/src/bsp" -I"C:\Users\x-luo\proj\hw4\SW\riscv_mc_helloworld/src/bsp/driver" -I"C:\Users\x-luo\proj\hw4\SW\riscv_mc_helloworld/src/bsp/driver/gpio" -I"C:\Users\x-luo\proj\hw4\SW\riscv_mc_helloworld/src/bsp/driver/riscv_mc" -I"C:\Users\x-luo\proj\hw4\SW\riscv_mc_helloworld/src/bsp/driver/uart" -std=gnu11 --specs=picolibc.specs -DPICOLIBC_INTEGER_PRINTF_SCANF -MMD -MP -MF"src/bsp/driver/riscv_mc/timer.d" -MT"src/bsp/driver/riscv_mc/timer.o" -c -o "src/bsp/driver/riscv_mc/timer.o" "../src/bsp/driver/riscv_mc/timer.c"
Finished building: ../src/bsp/driver/riscv_mc/timer.c
 
Building file: ../src/bsp/driver/riscv_mc/util.c
Invoking: GNU RISC-V Cross C Compiler
riscv-none-embed-gcc -march=rv32imc -mabi=ilp32 -msmall-data-limit=8 -mno-save-restore -O0 -fmessage-length=0 -fsigned-char -ffunction-sections -fdata-sections  -g3 -DLSCC_STDIO_UART_APB -I"C:\Users\x-luo\proj\hw4\SW\riscv_mc_helloworld/src" -I"C:\Users\x-luo\proj\hw4\SW\riscv_mc_helloworld\src\RTD" -I"C:\Users\x-luo\proj\hw4\SW\riscv_mc_helloworld\src\bsp\driver\spi_controller" -I"C:\Users\x-luo\proj\hw4\SW\riscv_mc_helloworld/src/bsp" -I"C:\Users\x-luo\proj\hw4\SW\riscv_mc_helloworld/src/bsp/driver" -I"C:\Users\x-luo\proj\hw4\SW\riscv_mc_helloworld/src/bsp/driver/gpio" -I"C:\Users\x-luo\proj\hw4\SW\riscv_mc_helloworld/src/bsp/driver/riscv_mc" -I"C:\Users\x-luo\proj\hw4\SW\riscv_mc_helloworld/src/bsp/driver/uart" -std=gnu11 --specs=picolibc.specs -DPICOLIBC_INTEGER_PRINTF_SCANF -MMD -MP -MF"src/bsp/driver/riscv_mc/util.d" -MT"src/bsp/driver/riscv_mc/util.o" -c -o "src/bsp/driver/riscv_mc/util.o" "../src/bsp/driver/riscv_mc/util.c"
Finished building: ../src/bsp/driver/riscv_mc/util.c
 
Building file: ../src/bsp/driver/gpio/gpio.c
Invoking: GNU RISC-V Cross C Compiler
riscv-none-embed-gcc -march=rv32imc -mabi=ilp32 -msmall-data-limit=8 -mno-save-restore -O0 -fmessage-length=0 -fsigned-char -ffunction-sections -fdata-sections  -g3 -DLSCC_STDIO_UART_APB -I"C:\Users\x-luo\proj\hw4\SW\riscv_mc_helloworld/src" -I"C:\Users\x-luo\proj\hw4\SW\riscv_mc_helloworld\src\RTD" -I"C:\Users\x-luo\proj\hw4\SW\riscv_mc_helloworld\src\bsp\driver\spi_controller" -I"C:\Users\x-luo\proj\hw4\SW\riscv_mc_helloworld/src/bsp" -I"C:\Users\x-luo\proj\hw4\SW\riscv_mc_helloworld/src/bsp/driver" -I"C:\Users\x-luo\proj\hw4\SW\riscv_mc_helloworld/src/bsp/driver/gpio" -I"C:\Users\x-luo\proj\hw4\SW\riscv_mc_helloworld/src/bsp/driver/riscv_mc" -I"C:\Users\x-luo\proj\hw4\SW\riscv_mc_helloworld/src/bsp/driver/uart" -std=gnu11 --specs=picolibc.specs -DPICOLIBC_INTEGER_PRINTF_SCANF -MMD -MP -MF"src/bsp/driver/gpio/gpio.d" -MT"src/bsp/driver/gpio/gpio.o" -c -o "src/bsp/driver/gpio/gpio.o" "../src/bsp/driver/gpio/gpio.c"
Finished building: ../src/bsp/driver/gpio/gpio.c
 
Building file: ../src/RTD/adc128.c
Invoking: GNU RISC-V Cross C Compiler
riscv-none-embed-gcc -march=rv32imc -mabi=ilp32 -msmall-data-limit=8 -mno-save-restore -O0 -fmessage-length=0 -fsigned-char -ffunction-sections -fdata-sections  -g3 -DLSCC_STDIO_UART_APB -I"C:\Users\x-luo\proj\hw4\SW\riscv_mc_helloworld/src" -I"C:\Users\x-luo\proj\hw4\SW\riscv_mc_helloworld\src\RTD" -I"C:\Users\x-luo\proj\hw4\SW\riscv_mc_helloworld\src\bsp\driver\spi_controller" -I"C:\Users\x-luo\proj\hw4\SW\riscv_mc_helloworld/src/bsp" -I"C:\Users\x-luo\proj\hw4\SW\riscv_mc_helloworld/src/bsp/driver" -I"C:\Users\x-luo\proj\hw4\SW\riscv_mc_helloworld/src/bsp/driver/gpio" -I"C:\Users\x-luo\proj\hw4\SW\riscv_mc_helloworld/src/bsp/driver/riscv_mc" -I"C:\Users\x-luo\proj\hw4\SW\riscv_mc_helloworld/src/bsp/driver/uart" -std=gnu11 --specs=picolibc.specs -DPICOLIBC_INTEGER_PRINTF_SCANF -MMD -MP -MF"src/RTD/adc128.d" -MT"src/RTD/adc128.o" -c -o "src/RTD/adc128.o" "../src/RTD/adc128.c"
Finished building: ../src/RTD/adc128.c
 
Building file: ../src/ccsds.c
Invoking: GNU RISC-V Cross C Compiler
riscv-none-embed-gcc -march=rv32imc -mabi=ilp32 -msmall-data-limit=8 -mno-save-restore -O0 -fmessage-length=0 -fsigned-char -ffunction-sections -fdata-sections  -g3 -DLSCC_STDIO_UART_APB -I"C:\Users\x-luo\proj\hw4\SW\riscv_mc_helloworld/src" -I"C:\Users\x-luo\proj\hw4\SW\riscv_mc_helloworld\src\RTD" -I"C:\Users\x-luo\proj\hw4\SW\riscv_mc_helloworld\src\bsp\driver\spi_controller" -I"C:\Users\x-luo\proj\hw4\SW\riscv_mc_helloworld/src/bsp" -I"C:\Users\x-luo\proj\hw4\SW\riscv_mc_helloworld/src/bsp/driver" -I"C:\Users\x-luo\proj\hw4\SW\riscv_mc_helloworld/src/bsp/driver/gpio" -I"C:\Users\x-luo\proj\hw4\SW\riscv_mc_helloworld/src/bsp/driver/riscv_mc" -I"C:\Users\x-luo\proj\hw4\SW\riscv_mc_helloworld/src/bsp/driver/uart" -std=gnu11 --specs=picolibc.specs -DPICOLIBC_INTEGER_PRINTF_SCANF -MMD -MP -MF"src/ccsds.d" -MT"src/ccsds.o" -c -o "src/ccsds.o" "../src/ccsds.c"
Finished building: ../src/ccsds.c
 
Building file: ../src/main.c
Invoking: GNU RISC-V Cross C Compiler
riscv-none-embed-gcc -march=rv32imc -mabi=ilp32 -msmall-data-limit=8 -mno-save-restore -O0 -fmessage-length=0 -fsigned-char -ffunction-sections -fdata-sections  -g3 -DLSCC_STDIO_UART_APB -I"C:\Users\x-luo\proj\hw4\SW\riscv_mc_helloworld/src" -I"C:\Users\x-luo\proj\hw4\SW\riscv_mc_helloworld\src\RTD" -I"C:\Users\x-luo\proj\hw4\SW\riscv_mc_helloworld\src\bsp\driver\spi_controller" -I"C:\Users\x-luo\proj\hw4\SW\riscv_mc_helloworld/src/bsp" -I"C:\Users\x-luo\proj\hw4\SW\riscv_mc_helloworld/src/bsp/driver" -I"C:\Users\x-luo\proj\hw4\SW\riscv_mc_helloworld/src/bsp/driver/gpio" -I"C:\Users\x-luo\proj\hw4\SW\riscv_mc_helloworld/src/bsp/driver/riscv_mc" -I"C:\Users\x-luo\proj\hw4\SW\riscv_mc_helloworld/src/bsp/driver/uart" -std=gnu11 --specs=picolibc.specs -DPICOLIBC_INTEGER_PRINTF_SCANF -MMD -MP -MF"src/main.d" -MT"src/main.o" -c -o "src/main.o" "../src/main.c"
../src/main.c: In function 'main':
../src/main.c:171:2: warning: implicit declaration of function 'adc128_read_rtd'; did you mean 'adc128_read'? [-Wimplicit-function-declaration]
  171 |  adc128_read_rtd( 7, rx_buf );
      |  ^~~~~~~~~~~~~~~
      |  adc128_read
Finished building: ../src/main.c
 
Building file: ../src/parse_input.c
Invoking: GNU RISC-V Cross C Compiler
riscv-none-embed-gcc -march=rv32imc -mabi=ilp32 -msmall-data-limit=8 -mno-save-restore -O0 -fmessage-length=0 -fsigned-char -ffunction-sections -fdata-sections  -g3 -DLSCC_STDIO_UART_APB -I"C:\Users\x-luo\proj\hw4\SW\riscv_mc_helloworld/src" -I"C:\Users\x-luo\proj\hw4\SW\riscv_mc_helloworld\src\RTD" -I"C:\Users\x-luo\proj\hw4\SW\riscv_mc_helloworld\src\bsp\driver\spi_controller" -I"C:\Users\x-luo\proj\hw4\SW\riscv_mc_helloworld/src/bsp" -I"C:\Users\x-luo\proj\hw4\SW\riscv_mc_helloworld/src/bsp/driver" -I"C:\Users\x-luo\proj\hw4\SW\riscv_mc_helloworld/src/bsp/driver/gpio" -I"C:\Users\x-luo\proj\hw4\SW\riscv_mc_helloworld/src/bsp/driver/riscv_mc" -I"C:\Users\x-luo\proj\hw4\SW\riscv_mc_helloworld/src/bsp/driver/uart" -std=gnu11 --specs=picolibc.specs -DPICOLIBC_INTEGER_PRINTF_SCANF -MMD -MP -MF"src/parse_input.d" -MT"src/parse_input.o" -c -o "src/parse_input.o" "../src/parse_input.c"
Finished building: ../src/parse_input.c
 
Building file: ../src/utils.c
Invoking: GNU RISC-V Cross C Compiler
riscv-none-embed-gcc -march=rv32imc -mabi=ilp32 -msmall-data-limit=8 -mno-save-restore -O0 -fmessage-length=0 -fsigned-char -ffunction-sections -fdata-sections  -g3 -DLSCC_STDIO_UART_APB -I"C:\Users\x-luo\proj\hw4\SW\riscv_mc_helloworld/src" -I"C:\Users\x-luo\proj\hw4\SW\riscv_mc_helloworld\src\RTD" -I"C:\Users\x-luo\proj\hw4\SW\riscv_mc_helloworld\src\bsp\driver\spi_controller" -I"C:\Users\x-luo\proj\hw4\SW\riscv_mc_helloworld/src/bsp" -I"C:\Users\x-luo\proj\hw4\SW\riscv_mc_helloworld/src/bsp/driver" -I"C:\Users\x-luo\proj\hw4\SW\riscv_mc_helloworld/src/bsp/driver/gpio" -I"C:\Users\x-luo\proj\hw4\SW\riscv_mc_helloworld/src/bsp/driver/riscv_mc" -I"C:\Users\x-luo\proj\hw4\SW\riscv_mc_helloworld/src/bsp/driver/uart" -std=gnu11 --specs=picolibc.specs -DPICOLIBC_INTEGER_PRINTF_SCANF -MMD -MP -MF"src/utils.d" -MT"src/utils.o" -c -o "src/utils.o" "../src/utils.c"
Finished building: ../src/utils.c
 
Building target: riscv_mc_helloworld.elf
Invoking: GNU RISC-V Cross C Linker
riscv-none-embed-gcc -march=rv32imc -mabi=ilp32 -msmall-data-limit=8 -mno-save-restore -O0 -fmessage-length=0 -fsigned-char -ffunction-sections -fdata-sections  -g3 -T "C:/Users/x-luo/proj/hw4/SW/riscv_mc_helloworld/src/linker.ld" -nostartfiles -Xlinker --gc-sections -Wl,-Map,"riscv_mc_helloworld.map" --specs=picolibc.specs -DPICOLIBC_INTEGER_PRINTF_SCANF -o "riscv_mc_helloworld.elf"  ./src/bsp/driver/uart/uart.o  ./src/bsp/driver/spi_controller/spi_master.o  ./src/bsp/driver/riscv_mc/cache.o ./src/bsp/driver/riscv_mc/crt0.o ./src/bsp/driver/riscv_mc/exit.o ./src/bsp/driver/riscv_mc/interrupt.o ./src/bsp/driver/riscv_mc/iob.o ./src/bsp/driver/riscv_mc/pic.o ./src/bsp/driver/riscv_mc/reg_access.o ./src/bsp/driver/riscv_mc/timer.o ./src/bsp/driver/riscv_mc/util.o  ./src/bsp/driver/gpio/gpio.o  ./src/RTD/adc128.o  ./src/ccsds.o ./src/main.o ./src/parse_input.o ./src/utils.o   
Finished building target: riscv_mc_helloworld.elf
 
Invoking: GNU RISC-V Cross Create Listing
riscv-none-embed-objdump --source --all-headers --demangle --line-numbers --wide "riscv_mc_helloworld.elf" > "riscv_mc_helloworld.lst"
Finished building: riscv_mc_helloworld.lst
 
Invoking: GNU RISC-V Cross Print Size
riscv-none-embed-size --format=berkeley "riscv_mc_helloworld.elf"
   text	   data	    bss	    dec	    hex	filename
  11552	     88	   3256	  14896	   3a30	riscv_mc_helloworld.elf
Finished building: riscv_mc_helloworld.siz
 
Invoking: Lattice Create Memory Deployment
riscv-none-embed-objcopy -O binary --gap-fill 0 "riscv_mc_helloworld.elf" "riscv_mc_helloworld.bin"; srec_cat "riscv_mc_helloworld.bin" -Binary -byte-swap 4 -DISable Header -Output "riscv_mc_helloworld.mem" -MEM 32
Finished building: riscv_mc_helloworld.mem
 
11:15:03 **** Incremental Build of configuration Debug for project riscv_mc_helloworld ****
make all 
Invoking: GNU RISC-V Cross Print Size
riscv-none-embed-size --format=berkeley "riscv_mc_helloworld.elf"
   text	   data	    bss	    dec	    hex	filename
  11552	     88	   3256	  14896	   3a30	riscv_mc_helloworld.elf
Finished building: riscv_mc_helloworld.siz
 
