15:10:59 **** Incremental Build of configuration Debug for project riscv_mc_helloworld ****
make all 
Building file: ../src/bsp/driver/spi_controller/spi_master.c
Invoking: GNU RISC-V Cross C Compiler
riscv-none-embed-gcc -march=rv32imc -mabi=ilp32 -msmall-data-limit=8 -mno-save-restore -O0 -fmessage-length=0 -fsigned-char -ffunction-sections -fdata-sections  -g3 -DLSCC_STDIO_UART_APB -I"C:\Users\x-luo\proj\hw4\SW\riscv_mc_helloworld/src" -I"C:\Users\x-luo\proj\hw4\SW\riscv_mc_helloworld\src\RTD" -I"C:\Users\x-luo\proj\hw4\SW\riscv_mc_helloworld\src\bsp\driver\spi_controller" -I"C:\Users\x-luo\proj\hw4\SW\riscv_mc_helloworld/src/bsp" -I"C:\Users\x-luo\proj\hw4\SW\riscv_mc_helloworld/src/bsp/driver" -I"C:\Users\x-luo\proj\hw4\SW\riscv_mc_helloworld/src/bsp/driver/gpio" -I"C:\Users\x-luo\proj\hw4\SW\riscv_mc_helloworld/src/bsp/driver/riscv_mc" -I"C:\Users\x-luo\proj\hw4\SW\riscv_mc_helloworld/src/bsp/driver/uart" -std=gnu11 --specs=picolibc.specs -DPICOLIBC_INTEGER_PRINTF_SCANF -MMD -MP -MF"src/bsp/driver/spi_controller/spi_master.d" -MT"src/bsp/driver/spi_controller/spi_master.o" -c -o "src/bsp/driver/spi_controller/spi_master.o" "../src/bsp/driver/spi_controller/spi_master.c"
../src/bsp/driver/spi_controller/spi_master.c: In function 'spi_master_transfer_blocking':
../src/bsp/driver/spi_controller/spi_master.c:210:30: warning: passing argument 2 of 'reg_32b_read' from incompatible pointer type [-Wincompatible-pointer-types]
  210 |          SPI_MASTER_RD_DATA, data_buffer_in);
      |                              ^~~~~~~~~~~~~~
      |                              |
      |                              uint32_t * {aka long unsigned int *}
In file included from C:\Users\x-luo\proj\hw4\SW\riscv_mc_helloworld/src/bsp/driver/riscv_mc/hal.h:55,
                 from ../src/bsp/driver/spi_controller/spi_master.c:37:
C:\Users\x-luo\proj\hw4\SW\riscv_mc_helloworld/src/bsp/driver/riscv_mc/reg_access.h:78:21: note: expected 'unsigned int *' but argument is of type 'uint32_t *' {aka 'long unsigned int *'}
   78 |       unsigned int *reg_32b_value);
      |       ~~~~~~~~~~~~~~^~~~~~~~~~~~~
../src/bsp/driver/spi_controller/spi_master.c:226:28: warning: passing argument 2 of 'reg_32b_read' from incompatible pointer type [-Wincompatible-pointer-types]
  226 |        SPI_MASTER_RD_DATA, data_buffer_in);
      |                            ^~~~~~~~~~~~~~
      |                            |
      |                            uint32_t * {aka long unsigned int *}
In file included from C:\Users\x-luo\proj\hw4\SW\riscv_mc_helloworld/src/bsp/driver/riscv_mc/hal.h:55,
                 from ../src/bsp/driver/spi_controller/spi_master.c:37:
C:\Users\x-luo\proj\hw4\SW\riscv_mc_helloworld/src/bsp/driver/riscv_mc/reg_access.h:78:21: note: expected 'unsigned int *' but argument is of type 'uint32_t *' {aka 'long unsigned int *'}
   78 |       unsigned int *reg_32b_value);
      |       ~~~~~~~~~~~~~~^~~~~~~~~~~~~
../src/bsp/driver/spi_controller/spi_master.c: In function 'spi_master_isr':
../src/bsp/driver/spi_controller/spi_master.c:320:67: warning: passing argument 2 of 'reg_32b_read' from incompatible pointer type [-Wincompatible-pointer-types]
  320 |                          SPI_MASTER_RD_DATA,this_spim->spim_rxbuf + this_spim->rx_input_cnt);
      |                                             ~~~~~~~~~~~~~~~~~~~~~~^~~~~~~~~~~~~~~~~~~~~~~~~
      |                                                                   |
      |                                                                   uint32_t * volatile {aka long unsigned int * volatile}
In file included from C:\Users\x-luo\proj\hw4\SW\riscv_mc_helloworld/src/bsp/driver/riscv_mc/hal.h:55,
                 from ../src/bsp/driver/spi_controller/spi_master.c:37:
C:\Users\x-luo\proj\hw4\SW\riscv_mc_helloworld/src/bsp/driver/riscv_mc/reg_access.h:78:21: note: expected 'unsigned int *' but argument is of type 'uint32_t * volatile' {aka 'long unsigned int * volatile'}
   78 |       unsigned int *reg_32b_value);
      |       ~~~~~~~~~~~~~~^~~~~~~~~~~~~
../src/bsp/driver/spi_controller/spi_master.c:334:67: warning: passing argument 2 of 'reg_32b_read' from incompatible pointer type [-Wincompatible-pointer-types]
  334 |                          SPI_MASTER_RD_DATA,this_spim->spim_rxbuf + this_spim->rx_input_cnt);
      |                                             ~~~~~~~~~~~~~~~~~~~~~~^~~~~~~~~~~~~~~~~~~~~~~~~
      |                                                                   |
      |                                                                   uint32_t * volatile {aka long unsigned int * volatile}
In file included from C:\Users\x-luo\proj\hw4\SW\riscv_mc_helloworld/src/bsp/driver/riscv_mc/hal.h:55,
                 from ../src/bsp/driver/spi_controller/spi_master.c:37:
C:\Users\x-luo\proj\hw4\SW\riscv_mc_helloworld/src/bsp/driver/riscv_mc/reg_access.h:78:21: note: expected 'unsigned int *' but argument is of type 'uint32_t * volatile' {aka 'long unsigned int * volatile'}
   78 |       unsigned int *reg_32b_value);
      |       ~~~~~~~~~~~~~~^~~~~~~~~~~~~
Finished building: ../src/bsp/driver/spi_controller/spi_master.c
 
Building target: riscv_mc_helloworld.elf
Invoking: GNU RISC-V Cross C Linker
riscv-none-embed-gcc -march=rv32imc -mabi=ilp32 -msmall-data-limit=8 -mno-save-restore -O0 -fmessage-length=0 -fsigned-char -ffunction-sections -fdata-sections  -g3 -T "C:/Users/x-luo/proj/hw4/SW/riscv_mc_helloworld/src/linker.ld" -nostartfiles -Xlinker --gc-sections -Wl,-Map,"riscv_mc_helloworld.map" --specs=picolibc.specs -DPICOLIBC_INTEGER_PRINTF_SCANF -o "riscv_mc_helloworld.elf"  ./src/bsp/driver/uart/uart.o  ./src/bsp/driver/spi_controller/spi_master.o  ./src/bsp/driver/riscv_mc/cache.o ./src/bsp/driver/riscv_mc/crt0.o ./src/bsp/driver/riscv_mc/exit.o ./src/bsp/driver/riscv_mc/interrupt.o ./src/bsp/driver/riscv_mc/iob.o ./src/bsp/driver/riscv_mc/pic.o ./src/bsp/driver/riscv_mc/reg_access.o ./src/bsp/driver/riscv_mc/timer.o ./src/bsp/driver/riscv_mc/util.o  ./src/bsp/driver/gpio/gpio.o  ./src/RTD/adc128.o  ./src/ccsds.o ./src/main.o ./src/parse_input.o ./src/utils.o   
Finished building target: riscv_mc_helloworld.elf
 
Invoking: GNU RISC-V Cross Create Listing
riscv-none-embed-objdump --source --all-headers --demangle --line-numbers --wide "riscv_mc_helloworld.elf" > "riscv_mc_helloworld.lst"
Finished building: riscv_mc_helloworld.lst
 
Invoking: GNU RISC-V Cross Print Size
riscv-none-embed-size --format=berkeley "riscv_mc_helloworld.elf"
   text	   data	    bss	    dec	    hex	filename
  11552	     88	   3256	  14896	   3a30	riscv_mc_helloworld.elf
Finished building: riscv_mc_helloworld.siz
 
Invoking: Lattice Create Memory Deployment
riscv-none-embed-objcopy -O binary --gap-fill 0 "riscv_mc_helloworld.elf" "riscv_mc_helloworld.bin"; srec_cat "riscv_mc_helloworld.bin" -Binary -byte-swap 4 -DISable Header -Output "riscv_mc_helloworld.mem" -MEM 32
Finished building: riscv_mc_helloworld.mem
 

15:11:04 Build Finished. 0 errors, 4 warnings. (took 4s.733ms)

