17:29:49 **** Incremental Build of configuration Debug for project riscv_mc_helloworld ****
make all 
Building file: ../src/bsp/driver/uart/uart.c
Invoking: GNU RISC-V Cross C Compiler
riscv-none-embed-gcc -march=rv32imc -mabi=ilp32 -msmall-data-limit=8 -mno-save-restore -O0 -fmessage-length=0 -fsigned-char -ffunction-sections -fdata-sections  -g3 -DLSCC_STDIO_UART_APB -I"C:\fpga\SW\riscv_mc_helloworld/src" -I"C:\fpga\SW\riscv_mc_helloworld/src/bsp" -I"C:\fpga\SW\riscv_mc_helloworld/src/bsp/driver" -I"C:\fpga\SW\riscv_mc_helloworld/src/bsp/driver/gpio" -I"C:\fpga\SW\riscv_mc_helloworld/src/bsp/driver/riscv_mc" -I"C:\fpga\SW\riscv_mc_helloworld/src/bsp/driver/uart" -std=gnu11 --specs=picolibc.specs -DPICOLIBC_INTEGER_PRINTF_SCANF -MMD -MP -MF"src/bsp/driver/uart/uart.d" -MT"src/bsp/driver/uart/uart.o" -c -o "src/bsp/driver/uart/uart.o" "../src/bsp/driver/uart/uart.c"
Finished building: ../src/bsp/driver/uart/uart.c
 
Building file: ../src/bsp/driver/riscv_mc/cache.c
Invoking: GNU RISC-V Cross C Compiler
riscv-none-embed-gcc -march=rv32imc -mabi=ilp32 -msmall-data-limit=8 -mno-save-restore -O0 -fmessage-length=0 -fsigned-char -ffunction-sections -fdata-sections  -g3 -DLSCC_STDIO_UART_APB -I"C:\fpga\SW\riscv_mc_helloworld/src" -I"C:\fpga\SW\riscv_mc_helloworld/src/bsp" -I"C:\fpga\SW\riscv_mc_helloworld/src/bsp/driver" -I"C:\fpga\SW\riscv_mc_helloworld/src/bsp/driver/gpio" -I"C:\fpga\SW\riscv_mc_helloworld/src/bsp/driver/riscv_mc" -I"C:\fpga\SW\riscv_mc_helloworld/src/bsp/driver/uart" -std=gnu11 --specs=picolibc.specs -DPICOLIBC_INTEGER_PRINTF_SCANF -MMD -MP -MF"src/bsp/driver/riscv_mc/cache.d" -MT"src/bsp/driver/riscv_mc/cache.o" -c -o "src/bsp/driver/riscv_mc/cache.o" "../src/bsp/driver/riscv_mc/cache.c"
Finished building: ../src/bsp/driver/riscv_mc/cache.c
 
Building file: ../src/bsp/driver/riscv_mc/crt0.S
Invoking: GNU RISC-V Cross Assembler
riscv-none-embed-gcc -march=rv32imc -mabi=ilp32 -msmall-data-limit=8 -mno-save-restore -O0 -fmessage-length=0 -fsigned-char -ffunction-sections -fdata-sections  -g3 -x assembler-with-cpp -MMD -MP -MF"src/bsp/driver/riscv_mc/crt0.d" -MT"src/bsp/driver/riscv_mc/crt0.o" -c -o "src/bsp/driver/riscv_mc/crt0.o" "../src/bsp/driver/riscv_mc/crt0.S"
Finished building: ../src/bsp/driver/riscv_mc/crt0.S
 
Building file: ../src/bsp/driver/riscv_mc/exit.c
Invoking: GNU RISC-V Cross C Compiler
riscv-none-embed-gcc -march=rv32imc -mabi=ilp32 -msmall-data-limit=8 -mno-save-restore -O0 -fmessage-length=0 -fsigned-char -ffunction-sections -fdata-sections  -g3 -DLSCC_STDIO_UART_APB -I"C:\fpga\SW\riscv_mc_helloworld/src" -I"C:\fpga\SW\riscv_mc_helloworld/src/bsp" -I"C:\fpga\SW\riscv_mc_helloworld/src/bsp/driver" -I"C:\fpga\SW\riscv_mc_helloworld/src/bsp/driver/gpio" -I"C:\fpga\SW\riscv_mc_helloworld/src/bsp/driver/riscv_mc" -I"C:\fpga\SW\riscv_mc_helloworld/src/bsp/driver/uart" -std=gnu11 --specs=picolibc.specs -DPICOLIBC_INTEGER_PRINTF_SCANF -MMD -MP -MF"src/bsp/driver/riscv_mc/exit.d" -MT"src/bsp/driver/riscv_mc/exit.o" -c -o "src/bsp/driver/riscv_mc/exit.o" "../src/bsp/driver/riscv_mc/exit.c"
Finished building: ../src/bsp/driver/riscv_mc/exit.c
 
Building file: ../src/bsp/driver/riscv_mc/interrupt.c
Invoking: GNU RISC-V Cross C Compiler
riscv-none-embed-gcc -march=rv32imc -mabi=ilp32 -msmall-data-limit=8 -mno-save-restore -O0 -fmessage-length=0 -fsigned-char -ffunction-sections -fdata-sections  -g3 -DLSCC_STDIO_UART_APB -I"C:\fpga\SW\riscv_mc_helloworld/src" -I"C:\fpga\SW\riscv_mc_helloworld/src/bsp" -I"C:\fpga\SW\riscv_mc_helloworld/src/bsp/driver" -I"C:\fpga\SW\riscv_mc_helloworld/src/bsp/driver/gpio" -I"C:\fpga\SW\riscv_mc_helloworld/src/bsp/driver/riscv_mc" -I"C:\fpga\SW\riscv_mc_helloworld/src/bsp/driver/uart" -std=gnu11 --specs=picolibc.specs -DPICOLIBC_INTEGER_PRINTF_SCANF -MMD -MP -MF"src/bsp/driver/riscv_mc/interrupt.d" -MT"src/bsp/driver/riscv_mc/interrupt.o" -c -o "src/bsp/driver/riscv_mc/interrupt.o" "../src/bsp/driver/riscv_mc/interrupt.c"
Finished building: ../src/bsp/driver/riscv_mc/interrupt.c
 
Building file: ../src/bsp/driver/riscv_mc/iob.c
Invoking: GNU RISC-V Cross C Compiler
riscv-none-embed-gcc -march=rv32imc -mabi=ilp32 -msmall-data-limit=8 -mno-save-restore -O0 -fmessage-length=0 -fsigned-char -ffunction-sections -fdata-sections  -g3 -DLSCC_STDIO_UART_APB -I"C:\fpga\SW\riscv_mc_helloworld/src" -I"C:\fpga\SW\riscv_mc_helloworld/src/bsp" -I"C:\fpga\SW\riscv_mc_helloworld/src/bsp/driver" -I"C:\fpga\SW\riscv_mc_helloworld/src/bsp/driver/gpio" -I"C:\fpga\SW\riscv_mc_helloworld/src/bsp/driver/riscv_mc" -I"C:\fpga\SW\riscv_mc_helloworld/src/bsp/driver/uart" -std=gnu11 --specs=picolibc.specs -DPICOLIBC_INTEGER_PRINTF_SCANF -MMD -MP -MF"src/bsp/driver/riscv_mc/iob.d" -MT"src/bsp/driver/riscv_mc/iob.o" -c -o "src/bsp/driver/riscv_mc/iob.o" "../src/bsp/driver/riscv_mc/iob.c"
Finished building: ../src/bsp/driver/riscv_mc/iob.c
 
Building file: ../src/bsp/driver/riscv_mc/pic.c
Invoking: GNU RISC-V Cross C Compiler
riscv-none-embed-gcc -march=rv32imc -mabi=ilp32 -msmall-data-limit=8 -mno-save-restore -O0 -fmessage-length=0 -fsigned-char -ffunction-sections -fdata-sections  -g3 -DLSCC_STDIO_UART_APB -I"C:\fpga\SW\riscv_mc_helloworld/src" -I"C:\fpga\SW\riscv_mc_helloworld/src/bsp" -I"C:\fpga\SW\riscv_mc_helloworld/src/bsp/driver" -I"C:\fpga\SW\riscv_mc_helloworld/src/bsp/driver/gpio" -I"C:\fpga\SW\riscv_mc_helloworld/src/bsp/driver/riscv_mc" -I"C:\fpga\SW\riscv_mc_helloworld/src/bsp/driver/uart" -std=gnu11 --specs=picolibc.specs -DPICOLIBC_INTEGER_PRINTF_SCANF -MMD -MP -MF"src/bsp/driver/riscv_mc/pic.d" -MT"src/bsp/driver/riscv_mc/pic.o" -c -o "src/bsp/driver/riscv_mc/pic.o" "../src/bsp/driver/riscv_mc/pic.c"
Finished building: ../src/bsp/driver/riscv_mc/pic.c
 
Building file: ../src/bsp/driver/riscv_mc/reg_access.c
Invoking: GNU RISC-V Cross C Compiler
riscv-none-embed-gcc -march=rv32imc -mabi=ilp32 -msmall-data-limit=8 -mno-save-restore -O0 -fmessage-length=0 -fsigned-char -ffunction-sections -fdata-sections  -g3 -DLSCC_STDIO_UART_APB -I"C:\fpga\SW\riscv_mc_helloworld/src" -I"C:\fpga\SW\riscv_mc_helloworld/src/bsp" -I"C:\fpga\SW\riscv_mc_helloworld/src/bsp/driver" -I"C:\fpga\SW\riscv_mc_helloworld/src/bsp/driver/gpio" -I"C:\fpga\SW\riscv_mc_helloworld/src/bsp/driver/riscv_mc" -I"C:\fpga\SW\riscv_mc_helloworld/src/bsp/driver/uart" -std=gnu11 --specs=picolibc.specs -DPICOLIBC_INTEGER_PRINTF_SCANF -MMD -MP -MF"src/bsp/driver/riscv_mc/reg_access.d" -MT"src/bsp/driver/riscv_mc/reg_access.o" -c -o "src/bsp/driver/riscv_mc/reg_access.o" "../src/bsp/driver/riscv_mc/reg_access.c"
Finished building: ../src/bsp/driver/riscv_mc/reg_access.c
 
Building file: ../src/bsp/driver/riscv_mc/timer.c
Invoking: GNU RISC-V Cross C Compiler
riscv-none-embed-gcc -march=rv32imc -mabi=ilp32 -msmall-data-limit=8 -mno-save-restore -O0 -fmessage-length=0 -fsigned-char -ffunction-sections -fdata-sections  -g3 -DLSCC_STDIO_UART_APB -I"C:\fpga\SW\riscv_mc_helloworld/src" -I"C:\fpga\SW\riscv_mc_helloworld/src/bsp" -I"C:\fpga\SW\riscv_mc_helloworld/src/bsp/driver" -I"C:\fpga\SW\riscv_mc_helloworld/src/bsp/driver/gpio" -I"C:\fpga\SW\riscv_mc_helloworld/src/bsp/driver/riscv_mc" -I"C:\fpga\SW\riscv_mc_helloworld/src/bsp/driver/uart" -std=gnu11 --specs=picolibc.specs -DPICOLIBC_INTEGER_PRINTF_SCANF -MMD -MP -MF"src/bsp/driver/riscv_mc/timer.d" -MT"src/bsp/driver/riscv_mc/timer.o" -c -o "src/bsp/driver/riscv_mc/timer.o" "../src/bsp/driver/riscv_mc/timer.c"
Finished building: ../src/bsp/driver/riscv_mc/timer.c
 
Building file: ../src/bsp/driver/riscv_mc/util.c
Invoking: GNU RISC-V Cross C Compiler
riscv-none-embed-gcc -march=rv32imc -mabi=ilp32 -msmall-data-limit=8 -mno-save-restore -O0 -fmessage-length=0 -fsigned-char -ffunction-sections -fdata-sections  -g3 -DLSCC_STDIO_UART_APB -I"C:\fpga\SW\riscv_mc_helloworld/src" -I"C:\fpga\SW\riscv_mc_helloworld/src/bsp" -I"C:\fpga\SW\riscv_mc_helloworld/src/bsp/driver" -I"C:\fpga\SW\riscv_mc_helloworld/src/bsp/driver/gpio" -I"C:\fpga\SW\riscv_mc_helloworld/src/bsp/driver/riscv_mc" -I"C:\fpga\SW\riscv_mc_helloworld/src/bsp/driver/uart" -std=gnu11 --specs=picolibc.specs -DPICOLIBC_INTEGER_PRINTF_SCANF -MMD -MP -MF"src/bsp/driver/riscv_mc/util.d" -MT"src/bsp/driver/riscv_mc/util.o" -c -o "src/bsp/driver/riscv_mc/util.o" "../src/bsp/driver/riscv_mc/util.c"
Finished building: ../src/bsp/driver/riscv_mc/util.c
 
Building file: ../src/bsp/driver/gpio/gpio.c
Invoking: GNU RISC-V Cross C Compiler
riscv-none-embed-gcc -march=rv32imc -mabi=ilp32 -msmall-data-limit=8 -mno-save-restore -O0 -fmessage-length=0 -fsigned-char -ffunction-sections -fdata-sections  -g3 -DLSCC_STDIO_UART_APB -I"C:\fpga\SW\riscv_mc_helloworld/src" -I"C:\fpga\SW\riscv_mc_helloworld/src/bsp" -I"C:\fpga\SW\riscv_mc_helloworld/src/bsp/driver" -I"C:\fpga\SW\riscv_mc_helloworld/src/bsp/driver/gpio" -I"C:\fpga\SW\riscv_mc_helloworld/src/bsp/driver/riscv_mc" -I"C:\fpga\SW\riscv_mc_helloworld/src/bsp/driver/uart" -std=gnu11 --specs=picolibc.specs -DPICOLIBC_INTEGER_PRINTF_SCANF -MMD -MP -MF"src/bsp/driver/gpio/gpio.d" -MT"src/bsp/driver/gpio/gpio.o" -c -o "src/bsp/driver/gpio/gpio.o" "../src/bsp/driver/gpio/gpio.c"
Finished building: ../src/bsp/driver/gpio/gpio.c
 
Building file: ../src/main.c
Invoking: GNU RISC-V Cross C Compiler
riscv-none-embed-gcc -march=rv32imc -mabi=ilp32 -msmall-data-limit=8 -mno-save-restore -O0 -fmessage-length=0 -fsigned-char -ffunction-sections -fdata-sections  -g3 -DLSCC_STDIO_UART_APB -I"C:\fpga\SW\riscv_mc_helloworld/src" -I"C:\fpga\SW\riscv_mc_helloworld/src/bsp" -I"C:\fpga\SW\riscv_mc_helloworld/src/bsp/driver" -I"C:\fpga\SW\riscv_mc_helloworld/src/bsp/driver/gpio" -I"C:\fpga\SW\riscv_mc_helloworld/src/bsp/driver/riscv_mc" -I"C:\fpga\SW\riscv_mc_helloworld/src/bsp/driver/uart" -std=gnu11 --specs=picolibc.specs -DPICOLIBC_INTEGER_PRINTF_SCANF -MMD -MP -MF"src/main.d" -MT"src/main.o" -c -o "src/main.o" "../src/main.c"
Finished building: ../src/main.c
 
Building file: ../src/utils.c
Invoking: GNU RISC-V Cross C Compiler
riscv-none-embed-gcc -march=rv32imc -mabi=ilp32 -msmall-data-limit=8 -mno-save-restore -O0 -fmessage-length=0 -fsigned-char -ffunction-sections -fdata-sections  -g3 -DLSCC_STDIO_UART_APB -I"C:\fpga\SW\riscv_mc_helloworld/src" -I"C:\fpga\SW\riscv_mc_helloworld/src/bsp" -I"C:\fpga\SW\riscv_mc_helloworld/src/bsp/driver" -I"C:\fpga\SW\riscv_mc_helloworld/src/bsp/driver/gpio" -I"C:\fpga\SW\riscv_mc_helloworld/src/bsp/driver/riscv_mc" -I"C:\fpga\SW\riscv_mc_helloworld/src/bsp/driver/uart" -std=gnu11 --specs=picolibc.specs -DPICOLIBC_INTEGER_PRINTF_SCANF -MMD -MP -MF"src/utils.d" -MT"src/utils.o" -c -o "src/utils.o" "../src/utils.c"
Finished building: ../src/utils.c
 
Building target: riscv_mc_helloworld.elf
Invoking: GNU RISC-V Cross C Linker
riscv-none-embed-gcc -march=rv32imc -mabi=ilp32 -msmall-data-limit=8 -mno-save-restore -O0 -fmessage-length=0 -fsigned-char -ffunction-sections -fdata-sections  -g3 -T "C:/fpga/SW/riscv_mc_helloworld/src/linker.ld" -nostartfiles -Xlinker --gc-sections -Wl,-Map,"riscv_mc_helloworld.map" --specs=picolibc.specs -DPICOLIBC_INTEGER_PRINTF_SCANF -o "riscv_mc_helloworld.elf"  ./src/bsp/driver/uart/uart.o  ./src/bsp/driver/riscv_mc/cache.o ./src/bsp/driver/riscv_mc/crt0.o ./src/bsp/driver/riscv_mc/exit.o ./src/bsp/driver/riscv_mc/interrupt.o ./src/bsp/driver/riscv_mc/iob.o ./src/bsp/driver/riscv_mc/pic.o ./src/bsp/driver/riscv_mc/reg_access.o ./src/bsp/driver/riscv_mc/timer.o ./src/bsp/driver/riscv_mc/util.o  ./src/bsp/driver/gpio/gpio.o  ./src/main.o ./src/utils.o   
Finished building target: riscv_mc_helloworld.elf
 
Invoking: GNU RISC-V Cross Create Listing
riscv-none-embed-objdump --source --all-headers --demangle --line-numbers --wide "riscv_mc_helloworld.elf" > "riscv_mc_helloworld.lst"
Finished building: riscv_mc_helloworld.lst
 
Invoking: GNU RISC-V Cross Print Size
riscv-none-embed-size --format=berkeley "riscv_mc_helloworld.elf"
   text	   data	    bss	    dec	    hex	filename
   4660	     24	   3004	   7688	   1e08	riscv_mc_helloworld.elf
Finished building: riscv_mc_helloworld.siz
 
Invoking: Lattice Create Memory Deployment
riscv-none-embed-objcopy -O binary --gap-fill 0 "riscv_mc_helloworld.elf" "riscv_mc_helloworld.bin"; srec_cat "riscv_mc_helloworld.bin" -Binary -byte-swap 4 -DISable Header -Output "riscv_mc_helloworld.mem" -MEM 32
Finished building: riscv_mc_helloworld.mem
 

17:29:52 Build Finished. 0 errors, 0 warnings. (took 2s.566ms)

